<html>
<body>
<pre>
<h1>µVision Build Log</h1>
<h2>Tool Versions:</h2>
IDE-Version: ¦ÌVision V5.16a
Copyright (C) 2015 ARM Ltd and ARM Germany GmbH. All rights reserved.
License Information: liu liu14, a, LIC=P6F63-AKRFS-C28L6-DHEUC-XTR5R-7I3XF
 
Tool Versions:
Toolchain:       MDK-ARM Professional  Version: 5.16a
Toolchain Path:  D:\Program Files (x86)\Keil_v5\ARM\ARMCC\Bin
C Compiler:      Armcc.exe V5.06 (build 20)
Assembler:       Armasm.exe V5.06 (build 20)
Linker/Locator:  ArmLink.exe V5.06 (build 20)
Library Manager: ArmAr.exe V5.06 (build 20)
Hex Converter:   FromElf.exe V5.06 (build 20)
CPU DLL:         SARMCM3.DLL V5.16a
Dialog DLL:      DARMCM1.DLL V1.12.0.0
Target DLL:      Segger\JL2CM3.dll V2.99.15.2
Dialog DLL:      TARMCM1.DLL V1.9.0.0
 
<h2>Project:</h2>
D:\nxp\nxpCar\nxpCar.uvprojx
Project File Date:  03/05/2018

<h2>Output:</h2>
*** Using Compiler 'V5.06 (build 20)', folder: 'D:\Program Files (x86)\Keil_v5\ARM\ARMCC\Bin'
Build target 'Target 1'
compiling nxpCar.c...
.\lib\inc\ics.h(453): warning:  #223-D: function "asm" declared implicitly
      asm("WFI");    
.\user\inc\mpu6050.h(38): warning:  #1295-D: Deprecated declaration MPU_Init - give arg types
   void MPU_Init();
.\user\inc\mpu6050.h(46): warning:  #1295-D: Deprecated declaration MPU_isReady - give arg types
   int MPU_isReady();
.\user\inc\mpu6050.h(54): warning:  #1295-D: Deprecated declaration MPU_WakeUp - give arg types
   void MPU_WakeUp();
.\lib\inc\ftm.h(106): warning:  #9-D: nested comment is not allowed
  /******************************************************************************
user\src\nxpCar.c(27): warning:  #68-D: integer conversion resulted in a change of sign
  	Enable_Interrupt(SysTick_IRQn);
user\src\nxpCar.c(176): warning:  #1-D: last line of file ends without a newline
  }
user\src\nxpCar.c: 7 warnings, 0 errors
linking...
Program Size: Code=4056 RO-data=224 RW-data=40 ZI-data=272  
".\Objects\nxpCar.axf" - 0 Error(s), 7 Warning(s).

<h2>Software Packages used:</h2>

Package Vendor: ARM
                http://www.keil.com/pack/ARM.CMSIS.5.3.0.pack
                ARM::CMSIS:CORE:5.1.1
                CMSIS (Cortex Microcontroller Software Interface Standard)
   * Component: CORE Version: 5.1.1
   * Component: DSP Version: 1.5.2

Package Vendor: Keil
                http://www.keil.com/pack/Keil.Kinetis_KEAxx_DFP.1.3.0.pack
                Keil::Device:Startup:1.0.0
                NXP Kinetis KEAxx Series Device Support and Examples
   * Component: Startup Version: 1.0.0

<h2>Collection of Component include folders:</h2>
  D:\nxp\nxpCar\RTE
  D:\Program Files (x86)\Keil_v5\ARM\PACK\ARM\CMSIS\5.3.0\CMSIS\Include
  D:\Program Files (x86)\Keil_v5\ARM\PACK\Keil\Kinetis_KEAxx_DFP\1.3.0\Device\Include

<h2>Collection of Component Files used:</h2>

   * Component: ARM::CMSIS:CORE:5.1.1

   * Component: ARM::CMSIS:DSP:1.5.2
      Include file:  CMSIS\Include\arm_math.h
      Library file:  CMSIS\Lib\ARM\arm_cortexM0l_math.lib

   * Component: Keil::Device:Startup:1.0.0
      Source file:   Device\Source\system_SKEAZ1284.c
      Source file:   Device\Source\ARM\startup_SKEAZ1284.s
Build Time Elapsed:  00:00:01
</pre>
</body>
</html>
