<!doctype html public "-//w3c//dtd html 4.0 transitional//en">
<html><head>
<title>Static Call Graph - [.\Objects\nxpCar.axf]</title></head>
<body><HR>
<H1>Static Call Graph for image .\Objects\nxpCar.axf</H1><HR>
<BR><P>#&#060CALLGRAPH&#062# ARM Linker, 5060020: Last Updated: Sat Mar 03 16:50:14 2018
<BR><P>
<H3>Maximum Stack Usage =        192 bytes + Unknown(Cycles, Untraceable Function Pointers)</H3><H3>
Call chain for Maximum Stack Depth:</H3>
main &rArr; MPU_ReadAx &rArr; MPU_ReadReg16 &rArr; MPU_ReadBytes &rArr; I2C_Receive &rArr; I2C_MasterReadWait &rArr; I2C_ReadOneByte
<P>
<H3>
Mutually Recursive functions
</H3> <LI><a href="#[1]">NMI_Handler</a>&nbsp;&nbsp;&nbsp;&rArr;&nbsp;&nbsp;&nbsp;<a href="#[1]">NMI_Handler</a><BR>
 <LI><a href="#[2]">HardFault_Handler</a>&nbsp;&nbsp;&nbsp;&rArr;&nbsp;&nbsp;&nbsp;<a href="#[2]">HardFault_Handler</a><BR>
 <LI><a href="#[3]">SVC_Handler</a>&nbsp;&nbsp;&nbsp;&rArr;&nbsp;&nbsp;&nbsp;<a href="#[3]">SVC_Handler</a><BR>
 <LI><a href="#[4]">PendSV_Handler</a>&nbsp;&nbsp;&nbsp;&rArr;&nbsp;&nbsp;&nbsp;<a href="#[4]">PendSV_Handler</a><BR>
 <LI><a href="#[5]">SysTick_Handler</a>&nbsp;&nbsp;&nbsp;&rArr;&nbsp;&nbsp;&nbsp;<a href="#[5]">SysTick_Handler</a><BR>
 <LI><a href="#[16]">ACMP0_IRQHandler</a>&nbsp;&nbsp;&nbsp;&rArr;&nbsp;&nbsp;&nbsp;<a href="#[16]">ACMP0_IRQHandler</a><BR>
</UL>
<P>
<H3>
Function Pointers
</H3><UL>
 <LI><a href="#[16]">ACMP0_IRQHandler</a> from startup_skeaz1284.o(.text) referenced from startup_skeaz1284.o(RESET)
 <LI><a href="#[1b]">ACMP1_IRQHandler</a> from startup_skeaz1284.o(.text) referenced from startup_skeaz1284.o(RESET)
 <LI><a href="#[15]">ADC_IRQHandler</a> from startup_skeaz1284.o(.text) referenced from startup_skeaz1284.o(RESET)
 <LI><a href="#[17]">FTM0_IRQHandler</a> from startup_skeaz1284.o(.text) referenced from startup_skeaz1284.o(RESET)
 <LI><a href="#[18]">FTM1_IRQHandler</a> from startup_skeaz1284.o(.text) referenced from startup_skeaz1284.o(RESET)
 <LI><a href="#[19]">FTM2_IRQHandler</a> from startup_skeaz1284.o(.text) referenced from startup_skeaz1284.o(RESET)
 <LI><a href="#[b]">FTMRE_IRQHandler</a> from startup_skeaz1284.o(.text) referenced from startup_skeaz1284.o(RESET)
 <LI><a href="#[2]">HardFault_Handler</a> from startup_skeaz1284.o(.text) referenced from startup_skeaz1284.o(RESET)
 <LI><a href="#[e]">I2C0_IRQHandler</a> from i2c.o(i.I2C0_IRQHandler) referenced from startup_skeaz1284.o(RESET)
 <LI><a href="#[f]">I2C1_IRQHandler</a> from i2c.o(i.I2C1_IRQHandler) referenced from startup_skeaz1284.o(RESET)
 <LI><a href="#[21]">ICS_IRQHandler</a> from startup_skeaz1284.o(.text) referenced from startup_skeaz1284.o(RESET)
 <LI><a href="#[d]">IRQ_IRQHandler</a> from startup_skeaz1284.o(.text) referenced from startup_skeaz1284.o(RESET)
 <LI><a href="#[1e]">KBI0_IRQHandler</a> from startup_skeaz1284.o(.text) referenced from startup_skeaz1284.o(RESET)
 <LI><a href="#[1f]">KBI1_IRQHandler</a> from startup_skeaz1284.o(.text) referenced from startup_skeaz1284.o(RESET)
 <LI><a href="#[24]">MSCAN_RX_IRQHandler</a> from startup_skeaz1284.o(.text) referenced from startup_skeaz1284.o(RESET)
 <LI><a href="#[25]">MSCAN_TX_IRQHandler</a> from startup_skeaz1284.o(.text) referenced from startup_skeaz1284.o(RESET)
 <LI><a href="#[1]">NMI_Handler</a> from startup_skeaz1284.o(.text) referenced from startup_skeaz1284.o(RESET)
 <LI><a href="#[1c]">PIT_CH0_IRQHandler</a> from startup_skeaz1284.o(.text) referenced from startup_skeaz1284.o(RESET)
 <LI><a href="#[1d]">PIT_CH1_IRQHandler</a> from startup_skeaz1284.o(.text) referenced from startup_skeaz1284.o(RESET)
 <LI><a href="#[c]">PMC_IRQHandler</a> from startup_skeaz1284.o(.text) referenced from startup_skeaz1284.o(RESET)
 <LI><a href="#[23]">PWT_IRQHandler</a> from startup_skeaz1284.o(.text) referenced from startup_skeaz1284.o(RESET)
 <LI><a href="#[4]">PendSV_Handler</a> from startup_skeaz1284.o(.text) referenced from startup_skeaz1284.o(RESET)
 <LI><a href="#[1a]">RTC_IRQHandler</a> from startup_skeaz1284.o(.text) referenced from startup_skeaz1284.o(RESET)
 <LI><a href="#[6]">Reserved16_IRQHandler</a> from startup_skeaz1284.o(.text) referenced from startup_skeaz1284.o(RESET)
 <LI><a href="#[7]">Reserved17_IRQHandler</a> from startup_skeaz1284.o(.text) referenced from startup_skeaz1284.o(RESET)
 <LI><a href="#[8]">Reserved18_IRQHandler</a> from startup_skeaz1284.o(.text) referenced from startup_skeaz1284.o(RESET)
 <LI><a href="#[9]">Reserved19_IRQHandler</a> from startup_skeaz1284.o(.text) referenced from startup_skeaz1284.o(RESET)
 <LI><a href="#[a]">Reserved20_IRQHandler</a> from startup_skeaz1284.o(.text) referenced from startup_skeaz1284.o(RESET)
 <LI><a href="#[20]">Reserved42_IRQHandler</a> from startup_skeaz1284.o(.text) referenced from startup_skeaz1284.o(RESET)
 <LI><a href="#[0]">Reset_Handler</a> from startup_skeaz1284.o(.text) referenced from startup_skeaz1284.o(RESET)
 <LI><a href="#[10]">SPI0_IRQHandler</a> from startup_skeaz1284.o(.text) referenced from startup_skeaz1284.o(RESET)
 <LI><a href="#[11]">SPI1_IRQHandler</a> from startup_skeaz1284.o(.text) referenced from startup_skeaz1284.o(RESET)
 <LI><a href="#[3]">SVC_Handler</a> from startup_skeaz1284.o(.text) referenced from startup_skeaz1284.o(RESET)
 <LI><a href="#[5]">SysTick_Handler</a> from startup_skeaz1284.o(.text) referenced from startup_skeaz1284.o(RESET)
 <LI><a href="#[27]">SystemInit</a> from system_skeaz1284.o(i.SystemInit) referenced from startup_skeaz1284.o(.text)
 <LI><a href="#[12]">UART0_IRQHandler</a> from uart.o(i.UART0_IRQHandler) referenced from startup_skeaz1284.o(RESET)
 <LI><a href="#[13]">UART1_IRQHandler</a> from uart.o(i.UART1_IRQHandler) referenced from startup_skeaz1284.o(RESET)
 <LI><a href="#[14]">UART2_IRQHandler</a> from uart.o(i.UART2_IRQHandler) referenced from startup_skeaz1284.o(RESET)
 <LI><a href="#[22]">WDOG_IRQHandler</a> from startup_skeaz1284.o(.text) referenced from startup_skeaz1284.o(RESET)
 <LI><a href="#[29]">__main</a> from entry.o(.ARM.Collect$$$$00000000) referenced from startup_skeaz1284.o(.text)
 <LI><a href="#[2a]">fputc</a> from nxpcar.o(i.fputc) referenced from printf1.o(i.__0printf$1)
 <LI><a href="#[28]">init_data_bss</a> from startup_skeaz1284.o(.text) referenced from startup_skeaz1284.o(.text)
 <LI><a href="#[26]">main</a> from nxpcar.o(i.main) referenced from entry9a.o(.ARM.Collect$$$$0000000B)
</UL>
<P>
<H3>
Global Symbols
</H3>
<P><STRONG><a name="[29]"></a>__main</STRONG> (Thumb, 0 bytes, Stack size unknown bytes, entry.o(.ARM.Collect$$$$00000000))
<BR>[Address Reference Count : 1]<UL><LI> startup_skeaz1284.o(.text)
</UL>
<P><STRONG><a name="[55]"></a>_main_stk</STRONG> (Thumb, 0 bytes, Stack size unknown bytes, entry2.o(.ARM.Collect$$$$00000001))

<P><STRONG><a name="[2b]"></a>_main_scatterload</STRONG> (Thumb, 0 bytes, Stack size unknown bytes, entry5.o(.ARM.Collect$$$$00000004))
<BR><BR>[Calls]<UL><LI><a href="#[2c]">&gt;&gt;</a>&nbsp;&nbsp;&nbsp;__scatterload
</UL>

<P><STRONG><a name="[2d]"></a>__main_after_scatterload</STRONG> (Thumb, 0 bytes, Stack size unknown bytes, entry5.o(.ARM.Collect$$$$00000004))
<BR><BR>[Called By]<UL><LI><a href="#[2c]">&gt;&gt;</a>&nbsp;&nbsp;&nbsp;__scatterload
</UL>

<P><STRONG><a name="[56]"></a>_main_clock</STRONG> (Thumb, 0 bytes, Stack size unknown bytes, entry7b.o(.ARM.Collect$$$$00000008))

<P><STRONG><a name="[57]"></a>_main_cpp_init</STRONG> (Thumb, 0 bytes, Stack size unknown bytes, entry8b.o(.ARM.Collect$$$$0000000A))

<P><STRONG><a name="[58]"></a>_main_init</STRONG> (Thumb, 0 bytes, Stack size unknown bytes, entry9a.o(.ARM.Collect$$$$0000000B))

<P><STRONG><a name="[59]"></a>__rt_final_cpp</STRONG> (Thumb, 0 bytes, Stack size unknown bytes, entry10a.o(.ARM.Collect$$$$0000000D))

<P><STRONG><a name="[5a]"></a>__rt_final_exit</STRONG> (Thumb, 0 bytes, Stack size unknown bytes, entry11a.o(.ARM.Collect$$$$0000000F))

<P><STRONG><a name="[28]"></a>init_data_bss</STRONG> (Thumb, 2 bytes, Stack size 0 bytes, startup_skeaz1284.o(.text))
<BR>[Address Reference Count : 1]<UL><LI> startup_skeaz1284.o(.text)
</UL>
<P><STRONG><a name="[0]"></a>Reset_Handler</STRONG> (Thumb, 12 bytes, Stack size 0 bytes, startup_skeaz1284.o(.text))
<BR>[Address Reference Count : 1]<UL><LI> startup_skeaz1284.o(RESET)
</UL>
<P><STRONG><a name="[1]"></a>NMI_Handler</STRONG> (Thumb, 2 bytes, Stack size 0 bytes, startup_skeaz1284.o(.text))
<BR><BR>[Calls]<UL><LI><a href="#[1]">&gt;&gt;</a>&nbsp;&nbsp;&nbsp;NMI_Handler
</UL>
<BR>[Called By]<UL><LI><a href="#[1]">&gt;&gt;</a>&nbsp;&nbsp;&nbsp;NMI_Handler
</UL>
<BR>[Address Reference Count : 1]<UL><LI> startup_skeaz1284.o(RESET)
</UL>
<P><STRONG><a name="[2]"></a>HardFault_Handler</STRONG> (Thumb, 2 bytes, Stack size 0 bytes, startup_skeaz1284.o(.text))
<BR><BR>[Calls]<UL><LI><a href="#[2]">&gt;&gt;</a>&nbsp;&nbsp;&nbsp;HardFault_Handler
</UL>
<BR>[Called By]<UL><LI><a href="#[2]">&gt;&gt;</a>&nbsp;&nbsp;&nbsp;HardFault_Handler
</UL>
<BR>[Address Reference Count : 1]<UL><LI> startup_skeaz1284.o(RESET)
</UL>
<P><STRONG><a name="[3]"></a>SVC_Handler</STRONG> (Thumb, 2 bytes, Stack size 0 bytes, startup_skeaz1284.o(.text))
<BR><BR>[Calls]<UL><LI><a href="#[3]">&gt;&gt;</a>&nbsp;&nbsp;&nbsp;SVC_Handler
</UL>
<BR>[Called By]<UL><LI><a href="#[3]">&gt;&gt;</a>&nbsp;&nbsp;&nbsp;SVC_Handler
</UL>
<BR>[Address Reference Count : 1]<UL><LI> startup_skeaz1284.o(RESET)
</UL>
<P><STRONG><a name="[4]"></a>PendSV_Handler</STRONG> (Thumb, 2 bytes, Stack size 0 bytes, startup_skeaz1284.o(.text))
<BR><BR>[Calls]<UL><LI><a href="#[4]">&gt;&gt;</a>&nbsp;&nbsp;&nbsp;PendSV_Handler
</UL>
<BR>[Called By]<UL><LI><a href="#[4]">&gt;&gt;</a>&nbsp;&nbsp;&nbsp;PendSV_Handler
</UL>
<BR>[Address Reference Count : 1]<UL><LI> startup_skeaz1284.o(RESET)
</UL>
<P><STRONG><a name="[5]"></a>SysTick_Handler</STRONG> (Thumb, 2 bytes, Stack size 0 bytes, startup_skeaz1284.o(.text))
<BR><BR>[Calls]<UL><LI><a href="#[5]">&gt;&gt;</a>&nbsp;&nbsp;&nbsp;SysTick_Handler
</UL>
<BR>[Called By]<UL><LI><a href="#[5]">&gt;&gt;</a>&nbsp;&nbsp;&nbsp;SysTick_Handler
</UL>
<BR>[Address Reference Count : 1]<UL><LI> startup_skeaz1284.o(RESET)
</UL>
<P><STRONG><a name="[16]"></a>ACMP0_IRQHandler</STRONG> (Thumb, 0 bytes, Stack size 0 bytes, startup_skeaz1284.o(.text))
<BR><BR>[Calls]<UL><LI><a href="#[16]">&gt;&gt;</a>&nbsp;&nbsp;&nbsp;ACMP0_IRQHandler
</UL>
<BR>[Called By]<UL><LI><a href="#[16]">&gt;&gt;</a>&nbsp;&nbsp;&nbsp;ACMP0_IRQHandler
</UL>
<BR>[Address Reference Count : 1]<UL><LI> startup_skeaz1284.o(RESET)
</UL>
<P><STRONG><a name="[1b]"></a>ACMP1_IRQHandler</STRONG> (Thumb, 0 bytes, Stack size 0 bytes, startup_skeaz1284.o(.text))
<BR>[Address Reference Count : 1]<UL><LI> startup_skeaz1284.o(RESET)
</UL>
<P><STRONG><a name="[15]"></a>ADC_IRQHandler</STRONG> (Thumb, 0 bytes, Stack size 0 bytes, startup_skeaz1284.o(.text))
<BR>[Address Reference Count : 1]<UL><LI> startup_skeaz1284.o(RESET)
</UL>
<P><STRONG><a name="[5b]"></a>DefaultISR</STRONG> (Thumb, 0 bytes, Stack size 0 bytes, startup_skeaz1284.o(.text), UNUSED)

<P><STRONG><a name="[17]"></a>FTM0_IRQHandler</STRONG> (Thumb, 0 bytes, Stack size 0 bytes, startup_skeaz1284.o(.text))
<BR>[Address Reference Count : 1]<UL><LI> startup_skeaz1284.o(RESET)
</UL>
<P><STRONG><a name="[18]"></a>FTM1_IRQHandler</STRONG> (Thumb, 0 bytes, Stack size 0 bytes, startup_skeaz1284.o(.text))
<BR>[Address Reference Count : 1]<UL><LI> startup_skeaz1284.o(RESET)
</UL>
<P><STRONG><a name="[19]"></a>FTM2_IRQHandler</STRONG> (Thumb, 0 bytes, Stack size 0 bytes, startup_skeaz1284.o(.text))
<BR>[Address Reference Count : 1]<UL><LI> startup_skeaz1284.o(RESET)
</UL>
<P><STRONG><a name="[b]"></a>FTMRE_IRQHandler</STRONG> (Thumb, 0 bytes, Stack size 0 bytes, startup_skeaz1284.o(.text))
<BR>[Address Reference Count : 1]<UL><LI> startup_skeaz1284.o(RESET)
</UL>
<P><STRONG><a name="[21]"></a>ICS_IRQHandler</STRONG> (Thumb, 0 bytes, Stack size 0 bytes, startup_skeaz1284.o(.text))
<BR>[Address Reference Count : 1]<UL><LI> startup_skeaz1284.o(RESET)
</UL>
<P><STRONG><a name="[d]"></a>IRQ_IRQHandler</STRONG> (Thumb, 0 bytes, Stack size 0 bytes, startup_skeaz1284.o(.text))
<BR>[Address Reference Count : 1]<UL><LI> startup_skeaz1284.o(RESET)
</UL>
<P><STRONG><a name="[1e]"></a>KBI0_IRQHandler</STRONG> (Thumb, 0 bytes, Stack size 0 bytes, startup_skeaz1284.o(.text))
<BR>[Address Reference Count : 1]<UL><LI> startup_skeaz1284.o(RESET)
</UL>
<P><STRONG><a name="[1f]"></a>KBI1_IRQHandler</STRONG> (Thumb, 0 bytes, Stack size 0 bytes, startup_skeaz1284.o(.text))
<BR>[Address Reference Count : 1]<UL><LI> startup_skeaz1284.o(RESET)
</UL>
<P><STRONG><a name="[24]"></a>MSCAN_RX_IRQHandler</STRONG> (Thumb, 0 bytes, Stack size 0 bytes, startup_skeaz1284.o(.text))
<BR>[Address Reference Count : 1]<UL><LI> startup_skeaz1284.o(RESET)
</UL>
<P><STRONG><a name="[25]"></a>MSCAN_TX_IRQHandler</STRONG> (Thumb, 0 bytes, Stack size 0 bytes, startup_skeaz1284.o(.text))
<BR>[Address Reference Count : 1]<UL><LI> startup_skeaz1284.o(RESET)
</UL>
<P><STRONG><a name="[1c]"></a>PIT_CH0_IRQHandler</STRONG> (Thumb, 0 bytes, Stack size 0 bytes, startup_skeaz1284.o(.text))
<BR>[Address Reference Count : 1]<UL><LI> startup_skeaz1284.o(RESET)
</UL>
<P><STRONG><a name="[1d]"></a>PIT_CH1_IRQHandler</STRONG> (Thumb, 0 bytes, Stack size 0 bytes, startup_skeaz1284.o(.text))
<BR>[Address Reference Count : 1]<UL><LI> startup_skeaz1284.o(RESET)
</UL>
<P><STRONG><a name="[c]"></a>PMC_IRQHandler</STRONG> (Thumb, 0 bytes, Stack size 0 bytes, startup_skeaz1284.o(.text))
<BR>[Address Reference Count : 1]<UL><LI> startup_skeaz1284.o(RESET)
</UL>
<P><STRONG><a name="[23]"></a>PWT_IRQHandler</STRONG> (Thumb, 0 bytes, Stack size 0 bytes, startup_skeaz1284.o(.text))
<BR>[Address Reference Count : 1]<UL><LI> startup_skeaz1284.o(RESET)
</UL>
<P><STRONG><a name="[1a]"></a>RTC_IRQHandler</STRONG> (Thumb, 0 bytes, Stack size 0 bytes, startup_skeaz1284.o(.text))
<BR>[Address Reference Count : 1]<UL><LI> startup_skeaz1284.o(RESET)
</UL>
<P><STRONG><a name="[6]"></a>Reserved16_IRQHandler</STRONG> (Thumb, 0 bytes, Stack size 0 bytes, startup_skeaz1284.o(.text))
<BR>[Address Reference Count : 1]<UL><LI> startup_skeaz1284.o(RESET)
</UL>
<P><STRONG><a name="[7]"></a>Reserved17_IRQHandler</STRONG> (Thumb, 0 bytes, Stack size 0 bytes, startup_skeaz1284.o(.text))
<BR>[Address Reference Count : 1]<UL><LI> startup_skeaz1284.o(RESET)
</UL>
<P><STRONG><a name="[8]"></a>Reserved18_IRQHandler</STRONG> (Thumb, 0 bytes, Stack size 0 bytes, startup_skeaz1284.o(.text))
<BR>[Address Reference Count : 1]<UL><LI> startup_skeaz1284.o(RESET)
</UL>
<P><STRONG><a name="[9]"></a>Reserved19_IRQHandler</STRONG> (Thumb, 0 bytes, Stack size 0 bytes, startup_skeaz1284.o(.text))
<BR>[Address Reference Count : 1]<UL><LI> startup_skeaz1284.o(RESET)
</UL>
<P><STRONG><a name="[a]"></a>Reserved20_IRQHandler</STRONG> (Thumb, 0 bytes, Stack size 0 bytes, startup_skeaz1284.o(.text))
<BR>[Address Reference Count : 1]<UL><LI> startup_skeaz1284.o(RESET)
</UL>
<P><STRONG><a name="[20]"></a>Reserved42_IRQHandler</STRONG> (Thumb, 0 bytes, Stack size 0 bytes, startup_skeaz1284.o(.text))
<BR>[Address Reference Count : 1]<UL><LI> startup_skeaz1284.o(RESET)
</UL>
<P><STRONG><a name="[10]"></a>SPI0_IRQHandler</STRONG> (Thumb, 0 bytes, Stack size 0 bytes, startup_skeaz1284.o(.text))
<BR>[Address Reference Count : 1]<UL><LI> startup_skeaz1284.o(RESET)
</UL>
<P><STRONG><a name="[11]"></a>SPI1_IRQHandler</STRONG> (Thumb, 0 bytes, Stack size 0 bytes, startup_skeaz1284.o(.text))
<BR>[Address Reference Count : 1]<UL><LI> startup_skeaz1284.o(RESET)
</UL>
<P><STRONG><a name="[22]"></a>WDOG_IRQHandler</STRONG> (Thumb, 0 bytes, Stack size 0 bytes, startup_skeaz1284.o(.text))
<BR>[Address Reference Count : 1]<UL><LI> startup_skeaz1284.o(RESET)
</UL>
<P><STRONG><a name="[5c]"></a>__aeabi_uidiv</STRONG> (Thumb, 0 bytes, Stack size 12 bytes, uidiv.o(.text), UNUSED)

<P><STRONG><a name="[50]"></a>__aeabi_uidivmod</STRONG> (Thumb, 44 bytes, Stack size 12 bytes, uidiv.o(.text))
<BR><BR>[Stack]<UL><LI>Max Depth = 12<LI>Call Chain = __aeabi_uidivmod
</UL>
<BR>[Called By]<UL><LI><a href="#[4f]">&gt;&gt;</a>&nbsp;&nbsp;&nbsp;UART_Init
<LI><a href="#[52]">&gt;&gt;</a>&nbsp;&nbsp;&nbsp;_printf_core
</UL>

<P><STRONG><a name="[2c]"></a>__scatterload</STRONG> (Thumb, 28 bytes, Stack size 0 bytes, init.o(.text))
<BR><BR>[Calls]<UL><LI><a href="#[2d]">&gt;&gt;</a>&nbsp;&nbsp;&nbsp;__main_after_scatterload
</UL>
<BR>[Called By]<UL><LI><a href="#[2b]">&gt;&gt;</a>&nbsp;&nbsp;&nbsp;_main_scatterload
</UL>

<P><STRONG><a name="[5d]"></a>__scatterload_rt2</STRONG> (Thumb, 0 bytes, Stack size 0 bytes, init.o(.text), UNUSED)

<P><STRONG><a name="[3e]"></a>Enable_Interrupt</STRONG> (Thumb, 42 bytes, Stack size 0 bytes, nvic.o(i.Enable_Interrupt))
<BR><BR>[Called By]<UL><LI><a href="#[3b]">&gt;&gt;</a>&nbsp;&nbsp;&nbsp;I2C_Init
<LI><a href="#[4f]">&gt;&gt;</a>&nbsp;&nbsp;&nbsp;UART_Init
</UL>

<P><STRONG><a name="[2e]"></a>FEI_factory_to_FEI_custom</STRONG> (Thumb, 78 bytes, Stack size 8 bytes, ics.o(i.FEI_factory_to_FEI_custom))
<BR><BR>[Stack]<UL><LI>Max Depth = 8<LI>Call Chain = FEI_factory_to_FEI_custom
</UL>
<BR>[Calls]<UL><LI><a href="#[2f]">&gt;&gt;</a>&nbsp;&nbsp;&nbsp;ICS_SetBusDivider
</UL>
<BR>[Called By]<UL><LI><a href="#[47]">&gt;&gt;</a>&nbsp;&nbsp;&nbsp;ICS_Init
</UL>

<P><STRONG><a name="[30]"></a>FEI_to_FBE</STRONG> (Thumb, 112 bytes, Stack size 8 bytes, ics.o(i.FEI_to_FBE))
<BR><BR>[Stack]<UL><LI>Max Depth = 8<LI>Call Chain = FEI_to_FBE
</UL>
<BR>[Calls]<UL><LI><a href="#[31]">&gt;&gt;</a>&nbsp;&nbsp;&nbsp;OSC_Init
<LI><a href="#[2f]">&gt;&gt;</a>&nbsp;&nbsp;&nbsp;ICS_SetBusDivider
</UL>
<BR>[Called By]<UL><LI><a href="#[47]">&gt;&gt;</a>&nbsp;&nbsp;&nbsp;ICS_Init
</UL>

<P><STRONG><a name="[32]"></a>FEI_to_FBI</STRONG> (Thumb, 80 bytes, Stack size 8 bytes, ics.o(i.FEI_to_FBI))
<BR><BR>[Stack]<UL><LI>Max Depth = 8<LI>Call Chain = FEI_to_FBI
</UL>
<BR>[Calls]<UL><LI><a href="#[2f]">&gt;&gt;</a>&nbsp;&nbsp;&nbsp;ICS_SetBusDivider
</UL>
<BR>[Called By]<UL><LI><a href="#[47]">&gt;&gt;</a>&nbsp;&nbsp;&nbsp;ICS_Init
</UL>

<P><STRONG><a name="[33]"></a>FEI_to_FEE</STRONG> (Thumb, 90 bytes, Stack size 8 bytes, ics.o(i.FEI_to_FEE))
<BR><BR>[Stack]<UL><LI>Max Depth = 8<LI>Call Chain = FEI_to_FEE
</UL>
<BR>[Calls]<UL><LI><a href="#[31]">&gt;&gt;</a>&nbsp;&nbsp;&nbsp;OSC_Init
<LI><a href="#[34]">&gt;&gt;</a>&nbsp;&nbsp;&nbsp;ICS_SetOscDivider
<LI><a href="#[2f]">&gt;&gt;</a>&nbsp;&nbsp;&nbsp;ICS_SetBusDivider
</UL>
<BR>[Called By]<UL><LI><a href="#[47]">&gt;&gt;</a>&nbsp;&nbsp;&nbsp;ICS_Init
</UL>

<P><STRONG><a name="[e]"></a>I2C0_IRQHandler</STRONG> (Thumb, 18 bytes, Stack size 8 bytes, i2c.o(i.I2C0_IRQHandler))
<BR><BR>[Stack]<UL><LI>Max Depth = 8<LI>Call Chain = I2C0_IRQHandler
</UL>
<BR>[Address Reference Count : 1]<UL><LI> startup_skeaz1284.o(RESET)
</UL>
<P><STRONG><a name="[f]"></a>I2C1_IRQHandler</STRONG> (Thumb, 18 bytes, Stack size 8 bytes, i2c.o(i.I2C1_IRQHandler))
<BR><BR>[Stack]<UL><LI>Max Depth = 8<LI>Call Chain = I2C1_IRQHandler
</UL>
<BR>[Address Reference Count : 1]<UL><LI> startup_skeaz1284.o(RESET)
</UL>
<P><STRONG><a name="[35]"></a>I2C_MasterReadWait</STRONG> (Thumb, 104 bytes, Stack size 40 bytes, i2c.o(i.I2C_MasterReadWait))
<BR><BR>[Stack]<UL><LI>Max Depth = 72<LI>Call Chain = I2C_MasterReadWait &rArr; I2C_ReadOneByte
</UL>
<BR>[Calls]<UL><LI><a href="#[37]">&gt;&gt;</a>&nbsp;&nbsp;&nbsp;I2C_WriteOneByte
<LI><a href="#[39]">&gt;&gt;</a>&nbsp;&nbsp;&nbsp;I2C_Stop
<LI><a href="#[36]">&gt;&gt;</a>&nbsp;&nbsp;&nbsp;I2C_Start
<LI><a href="#[38]">&gt;&gt;</a>&nbsp;&nbsp;&nbsp;I2C_ReadOneByte
</UL>
<BR>[Called By]<UL><LI><a href="#[3a]">&gt;&gt;</a>&nbsp;&nbsp;&nbsp;I2C_Receive
</UL>

<P><STRONG><a name="[3a]"></a>I2C_Receive</STRONG> (Thumb, 24 bytes, Stack size 24 bytes, mpu6050.o(i.I2C_Receive))
<BR><BR>[Stack]<UL><LI>Max Depth = 96<LI>Call Chain = I2C_Receive &rArr; I2C_MasterReadWait &rArr; I2C_ReadOneByte
</UL>
<BR>[Calls]<UL><LI><a href="#[35]">&gt;&gt;</a>&nbsp;&nbsp;&nbsp;I2C_MasterReadWait
</UL>
<BR>[Called By]<UL><LI><a href="#[4b]">&gt;&gt;</a>&nbsp;&nbsp;&nbsp;MPU_ReadBytes
</UL>

<P><STRONG><a name="[3d]"></a>I2C_SetSCLLowTimeout</STRONG> (Thumb, 8 bytes, Stack size 0 bytes, i2c.o(i.I2C_SetSCLLowTimeout))
<BR><BR>[Called By]<UL><LI><a href="#[3b]">&gt;&gt;</a>&nbsp;&nbsp;&nbsp;I2C_Init
</UL>

<P><STRONG><a name="[5e]"></a>__scatterload_null</STRONG> (Thumb, 2 bytes, Stack size unknown bytes, handlers.o(i.__scatterload_null), UNUSED)

<P><STRONG><a name="[3b]"></a>I2C_Init</STRONG> (Thumb, 274 bytes, Stack size 16 bytes, i2c.o(i.I2C_Init))
<BR><BR>[Stack]<UL><LI>Max Depth = 16<LI>Call Chain = I2C_Init
</UL>
<BR>[Calls]<UL><LI><a href="#[3c]">&gt;&gt;</a>&nbsp;&nbsp;&nbsp;I2C_SetSlaveAddress
<LI><a href="#[3d]">&gt;&gt;</a>&nbsp;&nbsp;&nbsp;I2C_SetSCLLowTimeout
<LI><a href="#[3e]">&gt;&gt;</a>&nbsp;&nbsp;&nbsp;Enable_Interrupt
</UL>
<BR>[Called By]<UL><LI><a href="#[48]">&gt;&gt;</a>&nbsp;&nbsp;&nbsp;MPU_Init
</UL>

<P><STRONG><a name="[3f]"></a>I2C_MasterSendWait</STRONG> (Thumb, 74 bytes, Stack size 40 bytes, i2c.o(i.I2C_MasterSendWait))
<BR><BR>[Stack]<UL><LI>Max Depth = 64<LI>Call Chain = I2C_MasterSendWait &rArr; I2C_WriteOneByte
</UL>
<BR>[Calls]<UL><LI><a href="#[37]">&gt;&gt;</a>&nbsp;&nbsp;&nbsp;I2C_WriteOneByte
<LI><a href="#[39]">&gt;&gt;</a>&nbsp;&nbsp;&nbsp;I2C_Stop
<LI><a href="#[36]">&gt;&gt;</a>&nbsp;&nbsp;&nbsp;I2C_Start
</UL>
<BR>[Called By]<UL><LI><a href="#[46]">&gt;&gt;</a>&nbsp;&nbsp;&nbsp;I2C_Transmit
</UL>

<P><STRONG><a name="[38]"></a>I2C_ReadOneByte</STRONG> (Thumb, 138 bytes, Stack size 32 bytes, i2c.o(i.I2C_ReadOneByte))
<BR><BR>[Stack]<UL><LI>Max Depth = 32<LI>Call Chain = I2C_ReadOneByte
</UL>
<BR>[Calls]<UL><LI><a href="#[42]">&gt;&gt;</a>&nbsp;&nbsp;&nbsp;I2C_SendAck
<LI><a href="#[41]">&gt;&gt;</a>&nbsp;&nbsp;&nbsp;I2C_RxEnable
<LI><a href="#[40]">&gt;&gt;</a>&nbsp;&nbsp;&nbsp;I2C_GetStatus
<LI><a href="#[43]">&gt;&gt;</a>&nbsp;&nbsp;&nbsp;I2C_ClearStatus
</UL>
<BR>[Called By]<UL><LI><a href="#[35]">&gt;&gt;</a>&nbsp;&nbsp;&nbsp;I2C_MasterReadWait
</UL>

<P><STRONG><a name="[3c]"></a>I2C_SetSlaveAddress</STRONG> (Thumb, 22 bytes, Stack size 0 bytes, i2c.o(i.I2C_SetSlaveAddress))
<BR><BR>[Called By]<UL><LI><a href="#[3b]">&gt;&gt;</a>&nbsp;&nbsp;&nbsp;I2C_Init
</UL>

<P><STRONG><a name="[36]"></a>I2C_Start</STRONG> (Thumb, 56 bytes, Stack size 16 bytes, i2c.o(i.I2C_Start))
<BR><BR>[Stack]<UL><LI>Max Depth = 16<LI>Call Chain = I2C_Start
</UL>
<BR>[Calls]<UL><LI><a href="#[44]">&gt;&gt;</a>&nbsp;&nbsp;&nbsp;I2C_TxEnable
<LI><a href="#[45]">&gt;&gt;</a>&nbsp;&nbsp;&nbsp;I2C_IsBusy
</UL>
<BR>[Called By]<UL><LI><a href="#[3f]">&gt;&gt;</a>&nbsp;&nbsp;&nbsp;I2C_MasterSendWait
<LI><a href="#[35]">&gt;&gt;</a>&nbsp;&nbsp;&nbsp;I2C_MasterReadWait
</UL>

<P><STRONG><a name="[39]"></a>I2C_Stop</STRONG> (Thumb, 50 bytes, Stack size 16 bytes, i2c.o(i.I2C_Stop))
<BR><BR>[Stack]<UL><LI>Max Depth = 16<LI>Call Chain = I2C_Stop
</UL>
<BR>[Calls]<UL><LI><a href="#[45]">&gt;&gt;</a>&nbsp;&nbsp;&nbsp;I2C_IsBusy
</UL>
<BR>[Called By]<UL><LI><a href="#[3f]">&gt;&gt;</a>&nbsp;&nbsp;&nbsp;I2C_MasterSendWait
<LI><a href="#[35]">&gt;&gt;</a>&nbsp;&nbsp;&nbsp;I2C_MasterReadWait
</UL>

<P><STRONG><a name="[46]"></a>I2C_Transmit</STRONG> (Thumb, 24 bytes, Stack size 24 bytes, mpu6050.o(i.I2C_Transmit))
<BR><BR>[Stack]<UL><LI>Max Depth = 88<LI>Call Chain = I2C_Transmit &rArr; I2C_MasterSendWait &rArr; I2C_WriteOneByte
</UL>
<BR>[Calls]<UL><LI><a href="#[3f]">&gt;&gt;</a>&nbsp;&nbsp;&nbsp;I2C_MasterSendWait
</UL>
<BR>[Called By]<UL><LI><a href="#[4d]">&gt;&gt;</a>&nbsp;&nbsp;&nbsp;MPU_WriteReg
<LI><a href="#[4b]">&gt;&gt;</a>&nbsp;&nbsp;&nbsp;MPU_ReadBytes
</UL>

<P><STRONG><a name="[37]"></a>I2C_WriteOneByte</STRONG> (Thumb, 130 bytes, Stack size 24 bytes, i2c.o(i.I2C_WriteOneByte))
<BR><BR>[Stack]<UL><LI>Max Depth = 24<LI>Call Chain = I2C_WriteOneByte
</UL>
<BR>[Calls]<UL><LI><a href="#[44]">&gt;&gt;</a>&nbsp;&nbsp;&nbsp;I2C_TxEnable
<LI><a href="#[40]">&gt;&gt;</a>&nbsp;&nbsp;&nbsp;I2C_GetStatus
<LI><a href="#[43]">&gt;&gt;</a>&nbsp;&nbsp;&nbsp;I2C_ClearStatus
</UL>
<BR>[Called By]<UL><LI><a href="#[3f]">&gt;&gt;</a>&nbsp;&nbsp;&nbsp;I2C_MasterSendWait
<LI><a href="#[35]">&gt;&gt;</a>&nbsp;&nbsp;&nbsp;I2C_MasterReadWait
</UL>

<P><STRONG><a name="[47]"></a>ICS_Init</STRONG> (Thumb, 118 bytes, Stack size 8 bytes, ics.o(i.ICS_Init))
<BR><BR>[Stack]<UL><LI>Max Depth = 16<LI>Call Chain = ICS_Init &rArr; FEI_to_FEE
</UL>
<BR>[Calls]<UL><LI><a href="#[33]">&gt;&gt;</a>&nbsp;&nbsp;&nbsp;FEI_to_FEE
<LI><a href="#[32]">&gt;&gt;</a>&nbsp;&nbsp;&nbsp;FEI_to_FBI
<LI><a href="#[30]">&gt;&gt;</a>&nbsp;&nbsp;&nbsp;FEI_to_FBE
<LI><a href="#[2e]">&gt;&gt;</a>&nbsp;&nbsp;&nbsp;FEI_factory_to_FEI_custom
<LI><a href="#[2f]">&gt;&gt;</a>&nbsp;&nbsp;&nbsp;ICS_SetBusDivider
</UL>
<BR>[Called By]<UL><LI><a href="#[26]">&gt;&gt;</a>&nbsp;&nbsp;&nbsp;main
</UL>

<P><STRONG><a name="[34]"></a>ICS_SetOscDivider</STRONG> (Thumb, 136 bytes, Stack size 0 bytes, ics.o(i.ICS_SetOscDivider))
<BR><BR>[Called By]<UL><LI><a href="#[33]">&gt;&gt;</a>&nbsp;&nbsp;&nbsp;FEI_to_FEE
</UL>

<P><STRONG><a name="[48]"></a>MPU_Init</STRONG> (Thumb, 66 bytes, Stack size 24 bytes, mpu6050.o(i.MPU_Init))
<BR><BR>[Stack]<UL><LI>Max Depth = 40<LI>Call Chain = MPU_Init &rArr; I2C_Init
</UL>
<BR>[Calls]<UL><LI><a href="#[3b]">&gt;&gt;</a>&nbsp;&nbsp;&nbsp;I2C_Init
</UL>
<BR>[Called By]<UL><LI><a href="#[26]">&gt;&gt;</a>&nbsp;&nbsp;&nbsp;main
</UL>

<P><STRONG><a name="[49]"></a>MPU_ReadAx</STRONG> (Thumb, 14 bytes, Stack size 8 bytes, mpu6050.o(i.MPU_ReadAx))
<BR><BR>[Stack]<UL><LI>Max Depth = 160<LI>Call Chain = MPU_ReadAx &rArr; MPU_ReadReg16 &rArr; MPU_ReadBytes &rArr; I2C_Receive &rArr; I2C_MasterReadWait &rArr; I2C_ReadOneByte
</UL>
<BR>[Calls]<UL><LI><a href="#[4a]">&gt;&gt;</a>&nbsp;&nbsp;&nbsp;MPU_ReadReg16
</UL>
<BR>[Called By]<UL><LI><a href="#[26]">&gt;&gt;</a>&nbsp;&nbsp;&nbsp;main
</UL>

<P><STRONG><a name="[4b]"></a>MPU_ReadBytes</STRONG> (Thumb, 44 bytes, Stack size 32 bytes, mpu6050.o(i.MPU_ReadBytes))
<BR><BR>[Stack]<UL><LI>Max Depth = 128<LI>Call Chain = MPU_ReadBytes &rArr; I2C_Receive &rArr; I2C_MasterReadWait &rArr; I2C_ReadOneByte
</UL>
<BR>[Calls]<UL><LI><a href="#[46]">&gt;&gt;</a>&nbsp;&nbsp;&nbsp;I2C_Transmit
<LI><a href="#[3a]">&gt;&gt;</a>&nbsp;&nbsp;&nbsp;I2C_Receive
</UL>
<BR>[Called By]<UL><LI><a href="#[4a]">&gt;&gt;</a>&nbsp;&nbsp;&nbsp;MPU_ReadReg16
</UL>

<P><STRONG><a name="[4a]"></a>MPU_ReadReg16</STRONG> (Thumb, 28 bytes, Stack size 24 bytes, mpu6050.o(i.MPU_ReadReg16))
<BR><BR>[Stack]<UL><LI>Max Depth = 152<LI>Call Chain = MPU_ReadReg16 &rArr; MPU_ReadBytes &rArr; I2C_Receive &rArr; I2C_MasterReadWait &rArr; I2C_ReadOneByte
</UL>
<BR>[Calls]<UL><LI><a href="#[4b]">&gt;&gt;</a>&nbsp;&nbsp;&nbsp;MPU_ReadBytes
</UL>
<BR>[Called By]<UL><LI><a href="#[49]">&gt;&gt;</a>&nbsp;&nbsp;&nbsp;MPU_ReadAx
</UL>

<P><STRONG><a name="[4c]"></a>MPU_SetScale</STRONG> (Thumb, 24 bytes, Stack size 16 bytes, mpu6050.o(i.MPU_SetScale))
<BR><BR>[Stack]<UL><LI>Max Depth = 128<LI>Call Chain = MPU_SetScale &rArr; MPU_WriteReg &rArr; I2C_Transmit &rArr; I2C_MasterSendWait &rArr; I2C_WriteOneByte
</UL>
<BR>[Calls]<UL><LI><a href="#[4d]">&gt;&gt;</a>&nbsp;&nbsp;&nbsp;MPU_WriteReg
</UL>
<BR>[Called By]<UL><LI><a href="#[26]">&gt;&gt;</a>&nbsp;&nbsp;&nbsp;main
</UL>

<P><STRONG><a name="[4e]"></a>MPU_WakeUp</STRONG> (Thumb, 12 bytes, Stack size 8 bytes, mpu6050.o(i.MPU_WakeUp))
<BR><BR>[Stack]<UL><LI>Max Depth = 120<LI>Call Chain = MPU_WakeUp &rArr; MPU_WriteReg &rArr; I2C_Transmit &rArr; I2C_MasterSendWait &rArr; I2C_WriteOneByte
</UL>
<BR>[Calls]<UL><LI><a href="#[4d]">&gt;&gt;</a>&nbsp;&nbsp;&nbsp;MPU_WriteReg
</UL>
<BR>[Called By]<UL><LI><a href="#[26]">&gt;&gt;</a>&nbsp;&nbsp;&nbsp;main
</UL>

<P><STRONG><a name="[4d]"></a>MPU_WriteReg</STRONG> (Thumb, 30 bytes, Stack size 24 bytes, mpu6050.o(i.MPU_WriteReg))
<BR><BR>[Stack]<UL><LI>Max Depth = 112<LI>Call Chain = MPU_WriteReg &rArr; I2C_Transmit &rArr; I2C_MasterSendWait &rArr; I2C_WriteOneByte
</UL>
<BR>[Calls]<UL><LI><a href="#[46]">&gt;&gt;</a>&nbsp;&nbsp;&nbsp;I2C_Transmit
</UL>
<BR>[Called By]<UL><LI><a href="#[4e]">&gt;&gt;</a>&nbsp;&nbsp;&nbsp;MPU_WakeUp
<LI><a href="#[4c]">&gt;&gt;</a>&nbsp;&nbsp;&nbsp;MPU_SetScale
</UL>

<P><STRONG><a name="[31]"></a>OSC_Init</STRONG> (Thumb, 102 bytes, Stack size 0 bytes, ics.o(i.OSC_Init))
<BR><BR>[Called By]<UL><LI><a href="#[33]">&gt;&gt;</a>&nbsp;&nbsp;&nbsp;FEI_to_FEE
<LI><a href="#[30]">&gt;&gt;</a>&nbsp;&nbsp;&nbsp;FEI_to_FBE
</UL>

<P><STRONG><a name="[27]"></a>SystemInit</STRONG> (Thumb, 90 bytes, Stack size 0 bytes, system_skeaz1284.o(i.SystemInit))
<BR>[Address Reference Count : 1]<UL><LI> startup_skeaz1284.o(.text)
</UL>
<P><STRONG><a name="[12]"></a>UART0_IRQHandler</STRONG> (Thumb, 12 bytes, Stack size 8 bytes, uart.o(i.UART0_IRQHandler))
<BR><BR>[Stack]<UL><LI>Max Depth = 8<LI>Call Chain = UART0_IRQHandler
</UL>
<BR>[Address Reference Count : 1]<UL><LI> startup_skeaz1284.o(RESET)
</UL>
<P><STRONG><a name="[13]"></a>UART1_IRQHandler</STRONG> (Thumb, 12 bytes, Stack size 8 bytes, uart.o(i.UART1_IRQHandler))
<BR><BR>[Stack]<UL><LI>Max Depth = 8<LI>Call Chain = UART1_IRQHandler
</UL>
<BR>[Address Reference Count : 1]<UL><LI> startup_skeaz1284.o(RESET)
</UL>
<P><STRONG><a name="[14]"></a>UART2_IRQHandler</STRONG> (Thumb, 12 bytes, Stack size 8 bytes, uart.o(i.UART2_IRQHandler))
<BR><BR>[Stack]<UL><LI>Max Depth = 8<LI>Call Chain = UART2_IRQHandler
</UL>
<BR>[Address Reference Count : 1]<UL><LI> startup_skeaz1284.o(RESET)
</UL>
<P><STRONG><a name="[4f]"></a>UART_Init</STRONG> (Thumb, 278 bytes, Stack size 32 bytes, uart.o(i.UART_Init))
<BR><BR>[Stack]<UL><LI>Max Depth = 44<LI>Call Chain = UART_Init &rArr; __aeabi_uidivmod
</UL>
<BR>[Calls]<UL><LI><a href="#[50]">&gt;&gt;</a>&nbsp;&nbsp;&nbsp;__aeabi_uidivmod
<LI><a href="#[3e]">&gt;&gt;</a>&nbsp;&nbsp;&nbsp;Enable_Interrupt
</UL>
<BR>[Called By]<UL><LI><a href="#[26]">&gt;&gt;</a>&nbsp;&nbsp;&nbsp;main
</UL>

<P><STRONG><a name="[53]"></a>UART_PutChar</STRONG> (Thumb, 16 bytes, Stack size 0 bytes, uart.o(i.UART_PutChar))
<BR><BR>[Called By]<UL><LI><a href="#[2a]">&gt;&gt;</a>&nbsp;&nbsp;&nbsp;fputc
</UL>

<P><STRONG><a name="[51]"></a>__0printf$1</STRONG> (Thumb, 24 bytes, Stack size 24 bytes, printf1.o(i.__0printf$1), UNUSED)
<BR><BR>[Calls]<UL><LI><a href="#[52]">&gt;&gt;</a>&nbsp;&nbsp;&nbsp;_printf_core
</UL>

<P><STRONG><a name="[5f]"></a>__1printf$1</STRONG> (Thumb, 0 bytes, Stack size 24 bytes, printf1.o(i.__0printf$1), UNUSED)

<P><STRONG><a name="[54]"></a>__2printf</STRONG> (Thumb, 0 bytes, Stack size 24 bytes, printf1.o(i.__0printf$1))
<BR><BR>[Stack]<UL><LI>Max Depth = 24<LI>Call Chain = __2printf
</UL>
<BR>[Called By]<UL><LI><a href="#[26]">&gt;&gt;</a>&nbsp;&nbsp;&nbsp;main
</UL>

<P><STRONG><a name="[60]"></a>__scatterload_copy</STRONG> (Thumb, 14 bytes, Stack size unknown bytes, handlers.o(i.__scatterload_copy), UNUSED)

<P><STRONG><a name="[61]"></a>__scatterload_zeroinit</STRONG> (Thumb, 14 bytes, Stack size unknown bytes, handlers.o(i.__scatterload_zeroinit), UNUSED)

<P><STRONG><a name="[2a]"></a>fputc</STRONG> (Thumb, 18 bytes, Stack size 16 bytes, nxpcar.o(i.fputc))
<BR><BR>[Stack]<UL><LI>Max Depth = 16<LI>Call Chain = fputc
</UL>
<BR>[Calls]<UL><LI><a href="#[53]">&gt;&gt;</a>&nbsp;&nbsp;&nbsp;UART_PutChar
</UL>
<BR>[Address Reference Count : 1]<UL><LI> printf1.o(i.__0printf$1)
</UL>
<P><STRONG><a name="[26]"></a>main</STRONG> (Thumb, 198 bytes, Stack size 32 bytes, nxpcar.o(i.main))
<BR><BR>[Stack]<UL><LI>Max Depth = 192<LI>Call Chain = main &rArr; MPU_ReadAx &rArr; MPU_ReadReg16 &rArr; MPU_ReadBytes &rArr; I2C_Receive &rArr; I2C_MasterReadWait &rArr; I2C_ReadOneByte
</UL>
<BR>[Calls]<UL><LI><a href="#[4f]">&gt;&gt;</a>&nbsp;&nbsp;&nbsp;UART_Init
<LI><a href="#[4e]">&gt;&gt;</a>&nbsp;&nbsp;&nbsp;MPU_WakeUp
<LI><a href="#[4c]">&gt;&gt;</a>&nbsp;&nbsp;&nbsp;MPU_SetScale
<LI><a href="#[49]">&gt;&gt;</a>&nbsp;&nbsp;&nbsp;MPU_ReadAx
<LI><a href="#[48]">&gt;&gt;</a>&nbsp;&nbsp;&nbsp;MPU_Init
<LI><a href="#[47]">&gt;&gt;</a>&nbsp;&nbsp;&nbsp;ICS_Init
<LI><a href="#[54]">&gt;&gt;</a>&nbsp;&nbsp;&nbsp;__2printf
</UL>
<BR>[Address Reference Count : 1]<UL><LI> entry9a.o(.ARM.Collect$$$$0000000B)
</UL><P>
<H3>
Local Symbols
</H3>
<P><STRONG><a name="[2f]"></a>ICS_SetBusDivider</STRONG> (Thumb, 22 bytes, Stack size 0 bytes, ics.o(i.ICS_SetBusDivider))
<BR><BR>[Called By]<UL><LI><a href="#[33]">&gt;&gt;</a>&nbsp;&nbsp;&nbsp;FEI_to_FEE
<LI><a href="#[32]">&gt;&gt;</a>&nbsp;&nbsp;&nbsp;FEI_to_FBI
<LI><a href="#[30]">&gt;&gt;</a>&nbsp;&nbsp;&nbsp;FEI_to_FBE
<LI><a href="#[2e]">&gt;&gt;</a>&nbsp;&nbsp;&nbsp;FEI_factory_to_FEI_custom
<LI><a href="#[47]">&gt;&gt;</a>&nbsp;&nbsp;&nbsp;ICS_Init
</UL>

<P><STRONG><a name="[43]"></a>I2C_ClearStatus</STRONG> (Thumb, 8 bytes, Stack size 0 bytes, i2c.o(i.I2C_ClearStatus))
<BR><BR>[Called By]<UL><LI><a href="#[37]">&gt;&gt;</a>&nbsp;&nbsp;&nbsp;I2C_WriteOneByte
<LI><a href="#[38]">&gt;&gt;</a>&nbsp;&nbsp;&nbsp;I2C_ReadOneByte
</UL>

<P><STRONG><a name="[40]"></a>I2C_GetStatus</STRONG> (Thumb, 6 bytes, Stack size 0 bytes, i2c.o(i.I2C_GetStatus))
<BR><BR>[Called By]<UL><LI><a href="#[37]">&gt;&gt;</a>&nbsp;&nbsp;&nbsp;I2C_WriteOneByte
<LI><a href="#[38]">&gt;&gt;</a>&nbsp;&nbsp;&nbsp;I2C_ReadOneByte
</UL>

<P><STRONG><a name="[45]"></a>I2C_IsBusy</STRONG> (Thumb, 10 bytes, Stack size 0 bytes, i2c.o(i.I2C_IsBusy))
<BR><BR>[Called By]<UL><LI><a href="#[39]">&gt;&gt;</a>&nbsp;&nbsp;&nbsp;I2C_Stop
<LI><a href="#[36]">&gt;&gt;</a>&nbsp;&nbsp;&nbsp;I2C_Start
</UL>

<P><STRONG><a name="[41]"></a>I2C_RxEnable</STRONG> (Thumb, 10 bytes, Stack size 0 bytes, i2c.o(i.I2C_RxEnable))
<BR><BR>[Called By]<UL><LI><a href="#[38]">&gt;&gt;</a>&nbsp;&nbsp;&nbsp;I2C_ReadOneByte
</UL>

<P><STRONG><a name="[42]"></a>I2C_SendAck</STRONG> (Thumb, 10 bytes, Stack size 0 bytes, i2c.o(i.I2C_SendAck))
<BR><BR>[Called By]<UL><LI><a href="#[38]">&gt;&gt;</a>&nbsp;&nbsp;&nbsp;I2C_ReadOneByte
</UL>

<P><STRONG><a name="[44]"></a>I2C_TxEnable</STRONG> (Thumb, 10 bytes, Stack size 0 bytes, i2c.o(i.I2C_TxEnable))
<BR><BR>[Called By]<UL><LI><a href="#[37]">&gt;&gt;</a>&nbsp;&nbsp;&nbsp;I2C_WriteOneByte
<LI><a href="#[36]">&gt;&gt;</a>&nbsp;&nbsp;&nbsp;I2C_Start
</UL>

<P><STRONG><a name="[52]"></a>_printf_core</STRONG> (Thumb, 332 bytes, Stack size 88 bytes, printf1.o(i._printf_core), UNUSED)
<BR><BR>[Calls]<UL><LI><a href="#[50]">&gt;&gt;</a>&nbsp;&nbsp;&nbsp;__aeabi_uidivmod
</UL>
<BR>[Called By]<UL><LI><a href="#[51]">&gt;&gt;</a>&nbsp;&nbsp;&nbsp;__0printf$1
</UL>
<P>
<H3>
Undefined Global Symbols
</H3><HR></body></html>
