Component: ARM Compiler 5.06 (build 20) Tool: armlink [4d35a3]

==============================================================================

Section Cross References

    nxpcar.o(i.SysTick_Handler) refers to printf1.o(i.__0printf$1) for __2printf
    nxpcar.o(i.SysTick_Handler) refers to uidiv.o(.text) for __aeabi_uidivmod
    nxpcar.o(i.SysTick_Handler) refers to nxpcar.o(.data) for count
    nxpcar.o(i.adcInit) refers to adc.o(i.ADC_Init) for ADC_Init
    nxpcar.o(i.fputc) refers to uart.o(i.UART_PutChar) for UART_PutChar
    nxpcar.o(i.icsInit) refers to ics.o(i.ICS_Init) for ICS_Init
    nxpcar.o(i.main) refers to nxpcar.o(i.icsInit) for icsInit
    nxpcar.o(i.main) refers to nxpcar.o(i.uartInit) for uartInit
    nxpcar.o(i.main) refers to nxpcar.o(i.pwmFtmInit) for pwmFtmInit
    nxpcar.o(i.main) refers to nxpcar.o(i.FTM_SetChannelValue) for FTM_SetChannelValue
    nxpcar.o(i.main) refers to nxpcar.o(i.adcInit) for adcInit
    nxpcar.o(i.main) refers to nxpcar.o(i.systickInit) for systickInit
    nxpcar.o(i.main) refers to adc.o(i.ADC_SetChannel) for ADC_SetChannel
    nxpcar.o(i.pwmFtmInit) refers to memseta.o(.text) for __aeabi_memclr4
    nxpcar.o(i.pwmFtmInit) refers to ftm.o(i.FTM_ChannelInit) for FTM_ChannelInit
    nxpcar.o(i.pwmFtmInit) refers to ftm.o(i.FTM_Init) for FTM_Init
    nxpcar.o(i.systickInit) refers to nvic.o(i.Enable_Interrupt) for Enable_Interrupt
    nxpcar.o(i.uartInit) refers to uart.o(i.UART_Init) for UART_Init
    mpu6050.o(i.I2C_Receive) refers to i2c.o(i.I2C_MasterReadWait) for I2C_MasterReadWait
    mpu6050.o(i.I2C_Transmit) refers to i2c.o(i.I2C_MasterSendWait) for I2C_MasterSendWait
    mpu6050.o(i.MPU_Init) refers to i2c.o(i.I2C_Init) for I2C_Init
    mpu6050.o(i.MPU_ReadAx) refers to mpu6050.o(i.MPU_ReadReg16) for MPU_ReadReg16
    mpu6050.o(i.MPU_ReadAy) refers to mpu6050.o(i.MPU_ReadReg16) for MPU_ReadReg16
    mpu6050.o(i.MPU_ReadAz) refers to mpu6050.o(i.MPU_ReadReg16) for MPU_ReadReg16
    mpu6050.o(i.MPU_ReadBytes) refers to mpu6050.o(i.I2C_Transmit) for I2C_Transmit
    mpu6050.o(i.MPU_ReadBytes) refers to mpu6050.o(i.I2C_Receive) for I2C_Receive
    mpu6050.o(i.MPU_ReadGx) refers to mpu6050.o(i.MPU_ReadReg16) for MPU_ReadReg16
    mpu6050.o(i.MPU_ReadGy) refers to mpu6050.o(i.MPU_ReadReg16) for MPU_ReadReg16
    mpu6050.o(i.MPU_ReadGz) refers to mpu6050.o(i.MPU_ReadReg16) for MPU_ReadReg16
    mpu6050.o(i.MPU_ReadReg) refers to mpu6050.o(i.I2C_Transmit) for I2C_Transmit
    mpu6050.o(i.MPU_ReadReg) refers to mpu6050.o(i.I2C_Receive) for I2C_Receive
    mpu6050.o(i.MPU_ReadReg16) refers to mpu6050.o(i.MPU_ReadBytes) for MPU_ReadBytes
    mpu6050.o(i.MPU_SetScale) refers to mpu6050.o(i.MPU_WriteReg) for MPU_WriteReg
    mpu6050.o(i.MPU_WakeUp) refers to mpu6050.o(i.MPU_WriteReg) for MPU_WriteReg
    mpu6050.o(i.MPU_WriteReg) refers to mpu6050.o(i.I2C_Transmit) for I2C_Transmit
    mpu6050.o(i.MPU_isReady) refers to mpu6050.o(i.MPU_ReadReg) for MPU_ReadReg
    ics.o(i.FBE_to_FBI) refers to ics.o(i.OSC_Disable) for OSC_Disable
    ics.o(i.FBE_to_FBI) refers to ics.o(i.ICS_SetBusDivider) for ICS_SetBusDivider
    ics.o(i.FBE_to_FEE) refers to ics.o(i.ICS_SetBusDivider) for ICS_SetBusDivider
    ics.o(i.FBE_to_FEI) refers to ics.o(i.OSC_Disable) for OSC_Disable
    ics.o(i.FBE_to_FEI) refers to ics.o(i.ICS_SetBusDivider) for ICS_SetBusDivider
    ics.o(i.FBI_to_FBE) refers to ics.o(i.OSC_Init) for OSC_Init
    ics.o(i.FBI_to_FBE) refers to ics.o(i.ICS_SetBusDivider) for ICS_SetBusDivider
    ics.o(i.FBI_to_FEE) refers to ics.o(i.OSC_Init) for OSC_Init
    ics.o(i.FBI_to_FEE) refers to ics.o(i.ICS_SetOscDivider) for ICS_SetOscDivider
    ics.o(i.FBI_to_FEE) refers to ics.o(i.ICS_SetBusDivider) for ICS_SetBusDivider
    ics.o(i.FBI_to_FEI) refers to ics.o(i.ICS_SetBusDivider) for ICS_SetBusDivider
    ics.o(i.FEE_to_FBE) refers to ics.o(i.ICS_SetBusDivider) for ICS_SetBusDivider
    ics.o(i.FEE_to_FBI) refers to ics.o(i.OSC_Disable) for OSC_Disable
    ics.o(i.FEE_to_FBI) refers to ics.o(i.ICS_SetBusDivider) for ICS_SetBusDivider
    ics.o(i.FEE_to_FEI) refers to ics.o(i.OSC_Disable) for OSC_Disable
    ics.o(i.FEE_to_FEI) refers to ics.o(i.ICS_SetBusDivider) for ICS_SetBusDivider
    ics.o(i.FEI_factory_to_FEI_custom) refers to ics.o(i.ICS_SetBusDivider) for ICS_SetBusDivider
    ics.o(i.FEI_to_FBE) refers to ics.o(i.OSC_Init) for OSC_Init
    ics.o(i.FEI_to_FBE) refers to ics.o(i.ICS_SetBusDivider) for ICS_SetBusDivider
    ics.o(i.FEI_to_FBI) refers to ics.o(i.ICS_SetBusDivider) for ICS_SetBusDivider
    ics.o(i.FEI_to_FEE) refers to ics.o(i.OSC_Init) for OSC_Init
    ics.o(i.FEI_to_FEE) refers to ics.o(i.ICS_SetOscDivider) for ICS_SetOscDivider
    ics.o(i.FEI_to_FEE) refers to ics.o(i.ICS_SetBusDivider) for ICS_SetBusDivider
    ics.o(i.ICS_Init) refers to ics.o(i.FEI_to_FEE) for FEI_to_FEE
    ics.o(i.ICS_Init) refers to ics.o(i.FEI_to_FBE) for FEI_to_FBE
    ics.o(i.ICS_Init) refers to ics.o(i.ICS_SetBusDivider) for ICS_SetBusDivider
    ics.o(i.ICS_Init) refers to ics.o(i.FEI_factory_to_FEI_custom) for FEI_factory_to_FEI_custom
    ics.o(i.ICS_Init) refers to ics.o(i.FEI_to_FBI) for FEI_to_FBI
    uart.o(i.UART0_IRQHandler) refers to uart.o(.data) for UART_Callback
    uart.o(i.UART1_IRQHandler) refers to uart.o(.data) for UART_Callback
    uart.o(i.UART2_IRQHandler) refers to uart.o(.data) for UART_Callback
    uart.o(i.UART_CheckFlag) refers to uart.o(i.UART_GetFlags) for UART_GetFlags
    uart.o(i.UART_Init) refers to uidiv.o(.text) for __aeabi_uidivmod
    uart.o(i.UART_Init) refers to nvic.o(i.Enable_Interrupt) for Enable_Interrupt
    uart.o(i.UART_SetBaudrate) refers to uidiv.o(.text) for __aeabi_uidivmod
    uart.o(i.UART_SetCallback) refers to uart.o(.data) for UART_Callback
    i2c.o(i.I2C0_IRQHandler) refers to i2c.o(.data) for I2C_Callback
    i2c.o(i.I2C0_SetCallBack) refers to i2c.o(.data) for I2C_Callback
    i2c.o(i.I2C1_IRQHandler) refers to i2c.o(.data) for I2C_Callback
    i2c.o(i.I2C1_SetCallBack) refers to i2c.o(.data) for I2C_Callback
    i2c.o(i.I2C_Init) refers to i2c.o(i.I2C_SetSlaveAddress) for I2C_SetSlaveAddress
    i2c.o(i.I2C_Init) refers to i2c.o(i.I2C_SetSCLLowTimeout) for I2C_SetSCLLowTimeout
    i2c.o(i.I2C_Init) refers to nvic.o(i.Enable_Interrupt) for Enable_Interrupt
    i2c.o(i.I2C_IntDisable) refers to nvic.o(i.Disable_Interrupt) for Disable_Interrupt
    i2c.o(i.I2C_IntEnable) refers to nvic.o(i.Enable_Interrupt) for Enable_Interrupt
    i2c.o(i.I2C_MasterRead) refers to i2c.o(i.I2C_IntDisable) for I2C_IntDisable
    i2c.o(i.I2C_MasterRead) refers to i2c.o(i.I2C_Start) for I2C_Start
    i2c.o(i.I2C_MasterRead) refers to i2c.o(i.I2C_WriteOneByte) for I2C_WriteOneByte
    i2c.o(i.I2C_MasterRead) refers to i2c.o(i.I2C_SendAck) for I2C_SendAck
    i2c.o(i.I2C_MasterRead) refers to i2c.o(i.I2C_RxEnable) for I2C_RxEnable
    i2c.o(i.I2C_MasterRead) refers to i2c.o(i.I2C_IntEnable) for I2C_IntEnable
    i2c.o(i.I2C_MasterReadWait) refers to i2c.o(i.I2C_Start) for I2C_Start
    i2c.o(i.I2C_MasterReadWait) refers to i2c.o(i.I2C_WriteOneByte) for I2C_WriteOneByte
    i2c.o(i.I2C_MasterReadWait) refers to i2c.o(i.I2C_ReadOneByte) for I2C_ReadOneByte
    i2c.o(i.I2C_MasterReadWait) refers to i2c.o(i.I2C_Stop) for I2C_Stop
    i2c.o(i.I2C_MasterSend) refers to i2c.o(i.I2C_IsBusy) for I2C_IsBusy
    i2c.o(i.I2C_MasterSend) refers to i2c.o(i.I2C_Start) for I2C_Start
    i2c.o(i.I2C_MasterSend) refers to i2c.o(i.I2C_TxEnable) for I2C_TxEnable
    i2c.o(i.I2C_MasterSend) refers to i2c.o(i.I2C_WriteOneByte) for I2C_WriteOneByte
    i2c.o(i.I2C_MasterSendWait) refers to i2c.o(i.I2C_Start) for I2C_Start
    i2c.o(i.I2C_MasterSendWait) refers to i2c.o(i.I2C_WriteOneByte) for I2C_WriteOneByte
    i2c.o(i.I2C_MasterSendWait) refers to i2c.o(i.I2C_Stop) for I2C_Stop
    i2c.o(i.I2C_ReadOneByte) refers to i2c.o(i.I2C_GetStatus) for I2C_GetStatus
    i2c.o(i.I2C_ReadOneByte) refers to i2c.o(i.I2C_RxEnable) for I2C_RxEnable
    i2c.o(i.I2C_ReadOneByte) refers to i2c.o(i.I2C_SendAck) for I2C_SendAck
    i2c.o(i.I2C_ReadOneByte) refers to i2c.o(i.I2C_ClearStatus) for I2C_ClearStatus
    i2c.o(i.I2C_RepeatStart) refers to i2c.o(i.I2C_IsBusy) for I2C_IsBusy
    i2c.o(i.I2C_Start) refers to i2c.o(i.I2C_TxEnable) for I2C_TxEnable
    i2c.o(i.I2C_Start) refers to i2c.o(i.I2C_IsBusy) for I2C_IsBusy
    i2c.o(i.I2C_Stop) refers to i2c.o(i.I2C_IsBusy) for I2C_IsBusy
    i2c.o(i.I2C_WriteOneByte) refers to i2c.o(i.I2C_GetStatus) for I2C_GetStatus
    i2c.o(i.I2C_WriteOneByte) refers to i2c.o(i.I2C_TxEnable) for I2C_TxEnable
    i2c.o(i.I2C_WriteOneByte) refers to i2c.o(i.I2C_ClearStatus) for I2C_ClearStatus
    ftm.o(i.FTM0_IRQHandler) refers to ftm.o(.bss) for FTM_Callback
    ftm.o(i.FTM1_IRQHandler) refers to ftm.o(.bss) for FTM_Callback
    ftm.o(i.FTM2_IRQHandler) refers to ftm.o(.bss) for FTM_Callback
    ftm.o(i.FTM_ChannelInit) refers to nvic.o(i.Enable_Interrupt) for Enable_Interrupt
    ftm.o(i.FTM_DeInit) refers to nvic.o(i.Disable_Interrupt) for Disable_Interrupt
    ftm.o(i.FTM_Init) refers to nvic.o(i.Enable_Interrupt) for Enable_Interrupt
    ftm.o(i.FTM_InputCaptureInit) refers to nvic.o(i.Enable_Interrupt) for Enable_Interrupt
    ftm.o(i.FTM_SetCallback) refers to ftm.o(.bss) for FTM_Callback
    adc.o(i.ADC_DeInit) refers to adc.o(i.ADC_SetChannel) for ADC_SetChannel
    adc.o(i.ADC_IRQHandler) refers to adc.o(.data) for ADC_Callback
    adc.o(i.ADC_Init) refers to adc.o(i.ADC_SelectClock) for ADC_SelectClock
    adc.o(i.ADC_Init) refers to adc.o(i.ADC_SelectClockDivide) for ADC_SelectClockDivide
    adc.o(i.ADC_Init) refers to adc.o(i.ADC_SetMode) for ADC_SetMode
    adc.o(i.ADC_Init) refers to adc.o(i.ADC_SetFifoLevel) for ADC_SetFifoLevel
    adc.o(i.ADC_Init) refers to nvic.o(i.Enable_Interrupt) for Enable_Interrupt
    adc.o(i.ADC_PollRead) refers to adc.o(i.ADC_SetChannel) for ADC_SetChannel
    adc.o(i.ADC_SetCallBack) refers to adc.o(.data) for ADC_Callback
    startup_skeaz1284.o(RESET) refers to startup_skeaz1284.o(STACK) for __initial_sp
    startup_skeaz1284.o(RESET) refers to startup_skeaz1284.o(.text) for Reset_Handler
    startup_skeaz1284.o(RESET) refers to nxpcar.o(i.SysTick_Handler) for SysTick_Handler
    startup_skeaz1284.o(RESET) refers to i2c.o(i.I2C0_IRQHandler) for I2C0_IRQHandler
    startup_skeaz1284.o(RESET) refers to i2c.o(i.I2C1_IRQHandler) for I2C1_IRQHandler
    startup_skeaz1284.o(RESET) refers to uart.o(i.UART0_IRQHandler) for UART0_IRQHandler
    startup_skeaz1284.o(RESET) refers to uart.o(i.UART1_IRQHandler) for UART1_IRQHandler
    startup_skeaz1284.o(RESET) refers to uart.o(i.UART2_IRQHandler) for UART2_IRQHandler
    startup_skeaz1284.o(RESET) refers to adc.o(i.ADC_IRQHandler) for ADC_IRQHandler
    startup_skeaz1284.o(RESET) refers to ftm.o(i.FTM0_IRQHandler) for FTM0_IRQHandler
    startup_skeaz1284.o(RESET) refers to ftm.o(i.FTM1_IRQHandler) for FTM1_IRQHandler
    startup_skeaz1284.o(RESET) refers to ftm.o(i.FTM2_IRQHandler) for FTM2_IRQHandler
    startup_skeaz1284.o(.text) refers to system_skeaz1284.o(i.SystemInit) for SystemInit
    startup_skeaz1284.o(.text) refers to entry.o(.ARM.Collect$$$$00000000) for __main
    system_skeaz1284.o(i.SystemCoreClockUpdate) refers to uidiv.o(.text) for __aeabi_uidivmod
    system_skeaz1284.o(i.SystemCoreClockUpdate) refers to system_skeaz1284.o(.data) for SystemCoreClock
    entry.o(.ARM.Collect$$$$00000000) refers (Special) to entry10a.o(.ARM.Collect$$$$0000000D) for __rt_final_cpp
    entry.o(.ARM.Collect$$$$00000000) refers (Special) to entry11a.o(.ARM.Collect$$$$0000000F) for __rt_final_exit
    entry.o(.ARM.Collect$$$$00000000) refers (Special) to entry7b.o(.ARM.Collect$$$$00000008) for _main_clock
    entry.o(.ARM.Collect$$$$00000000) refers (Special) to entry8b.o(.ARM.Collect$$$$0000000A) for _main_cpp_init
    entry.o(.ARM.Collect$$$$00000000) refers (Special) to entry9a.o(.ARM.Collect$$$$0000000B) for _main_init
    entry.o(.ARM.Collect$$$$00000000) refers (Special) to entry5.o(.ARM.Collect$$$$00000004) for _main_scatterload
    entry.o(.ARM.Collect$$$$00000000) refers (Special) to entry2.o(.ARM.Collect$$$$00000001) for _main_stk
    printfb.o(i.__0fprintf$bare) refers to printfb.o(i._printf_core) for _printf_core
    printfb.o(i.__0fprintf$bare) refers to nxpcar.o(i.fputc) for fputc
    printfb.o(i.__0printf$bare) refers to printfb.o(i._printf_core) for _printf_core
    printfb.o(i.__0printf$bare) refers to nxpcar.o(i.fputc) for fputc
    printfb.o(i.__0printf$bare) refers to stdout.o(.data) for __stdout
    printfb.o(i.__0snprintf$bare) refers to printfb.o(i._printf_core) for _printf_core
    printfb.o(i.__0snprintf$bare) refers to printfb.o(i._snputc) for _snputc
    printfb.o(i.__0sprintf$bare) refers to printfb.o(i._printf_core) for _printf_core
    printfb.o(i.__0sprintf$bare) refers to printfb.o(i._sputc) for _sputc
    printfb.o(i.__0vfprintf$bare) refers to printfb.o(i._printf_core) for _printf_core
    printfb.o(i.__0vfprintf$bare) refers to nxpcar.o(i.fputc) for fputc
    printfb.o(i.__0vprintf$bare) refers to printfb.o(i._printf_core) for _printf_core
    printfb.o(i.__0vprintf$bare) refers to nxpcar.o(i.fputc) for fputc
    printfb.o(i.__0vprintf$bare) refers to stdout.o(.data) for __stdout
    printfb.o(i.__0vsnprintf$bare) refers to printfb.o(i._printf_core) for _printf_core
    printfb.o(i.__0vsnprintf$bare) refers to printfb.o(i._snputc) for _snputc
    printfb.o(i.__0vsprintf$bare) refers to printfb.o(i._printf_core) for _printf_core
    printfb.o(i.__0vsprintf$bare) refers to printfb.o(i._sputc) for _sputc
    printf0.o(i.__0fprintf$0) refers to printf0.o(i._printf_core) for _printf_core
    printf0.o(i.__0fprintf$0) refers to nxpcar.o(i.fputc) for fputc
    printf0.o(i.__0printf$0) refers to printf0.o(i._printf_core) for _printf_core
    printf0.o(i.__0printf$0) refers to nxpcar.o(i.fputc) for fputc
    printf0.o(i.__0printf$0) refers to stdout.o(.data) for __stdout
    printf0.o(i.__0snprintf$0) refers to printf0.o(i._printf_core) for _printf_core
    printf0.o(i.__0snprintf$0) refers to printf0.o(i._snputc) for _snputc
    printf0.o(i.__0sprintf$0) refers to printf0.o(i._printf_core) for _printf_core
    printf0.o(i.__0sprintf$0) refers to printf0.o(i._sputc) for _sputc
    printf0.o(i.__0vfprintf$0) refers to printf0.o(i._printf_core) for _printf_core
    printf0.o(i.__0vfprintf$0) refers to nxpcar.o(i.fputc) for fputc
    printf0.o(i.__0vprintf$0) refers to printf0.o(i._printf_core) for _printf_core
    printf0.o(i.__0vprintf$0) refers to nxpcar.o(i.fputc) for fputc
    printf0.o(i.__0vprintf$0) refers to stdout.o(.data) for __stdout
    printf0.o(i.__0vsnprintf$0) refers to printf0.o(i._printf_core) for _printf_core
    printf0.o(i.__0vsnprintf$0) refers to printf0.o(i._snputc) for _snputc
    printf0.o(i.__0vsprintf$0) refers to printf0.o(i._printf_core) for _printf_core
    printf0.o(i.__0vsprintf$0) refers to printf0.o(i._sputc) for _sputc
    printf1.o(i.__0fprintf$1) refers to printf1.o(i._printf_core) for _printf_core
    printf1.o(i.__0fprintf$1) refers to nxpcar.o(i.fputc) for fputc
    printf1.o(i.__0printf$1) refers to printf1.o(i._printf_core) for _printf_core
    printf1.o(i.__0printf$1) refers to nxpcar.o(i.fputc) for fputc
    printf1.o(i.__0printf$1) refers to stdout.o(.data) for __stdout
    printf1.o(i.__0snprintf$1) refers to printf1.o(i._printf_core) for _printf_core
    printf1.o(i.__0snprintf$1) refers to printf1.o(i._snputc) for _snputc
    printf1.o(i.__0sprintf$1) refers to printf1.o(i._printf_core) for _printf_core
    printf1.o(i.__0sprintf$1) refers to printf1.o(i._sputc) for _sputc
    printf1.o(i.__0vfprintf$1) refers to printf1.o(i._printf_core) for _printf_core
    printf1.o(i.__0vfprintf$1) refers to nxpcar.o(i.fputc) for fputc
    printf1.o(i.__0vprintf$1) refers to printf1.o(i._printf_core) for _printf_core
    printf1.o(i.__0vprintf$1) refers to nxpcar.o(i.fputc) for fputc
    printf1.o(i.__0vprintf$1) refers to stdout.o(.data) for __stdout
    printf1.o(i.__0vsnprintf$1) refers to printf1.o(i._printf_core) for _printf_core
    printf1.o(i.__0vsnprintf$1) refers to printf1.o(i._snputc) for _snputc
    printf1.o(i.__0vsprintf$1) refers to printf1.o(i._printf_core) for _printf_core
    printf1.o(i.__0vsprintf$1) refers to printf1.o(i._sputc) for _sputc
    printf1.o(i._printf_core) refers to uidiv.o(.text) for __aeabi_uidivmod
    printf2.o(i.__0fprintf$2) refers to printf2.o(i._printf_core) for _printf_core
    printf2.o(i.__0fprintf$2) refers to nxpcar.o(i.fputc) for fputc
    printf2.o(i.__0printf$2) refers to printf2.o(i._printf_core) for _printf_core
    printf2.o(i.__0printf$2) refers to nxpcar.o(i.fputc) for fputc
    printf2.o(i.__0printf$2) refers to stdout.o(.data) for __stdout
    printf2.o(i.__0snprintf$2) refers to printf2.o(i._printf_core) for _printf_core
    printf2.o(i.__0snprintf$2) refers to printf2.o(i._snputc) for _snputc
    printf2.o(i.__0sprintf$2) refers to printf2.o(i._printf_core) for _printf_core
    printf2.o(i.__0sprintf$2) refers to printf2.o(i._sputc) for _sputc
    printf2.o(i.__0vfprintf$2) refers to printf2.o(i._printf_core) for _printf_core
    printf2.o(i.__0vfprintf$2) refers to nxpcar.o(i.fputc) for fputc
    printf2.o(i.__0vprintf$2) refers to printf2.o(i._printf_core) for _printf_core
    printf2.o(i.__0vprintf$2) refers to nxpcar.o(i.fputc) for fputc
    printf2.o(i.__0vprintf$2) refers to stdout.o(.data) for __stdout
    printf2.o(i.__0vsnprintf$2) refers to printf2.o(i._printf_core) for _printf_core
    printf2.o(i.__0vsnprintf$2) refers to printf2.o(i._snputc) for _snputc
    printf2.o(i.__0vsprintf$2) refers to printf2.o(i._printf_core) for _printf_core
    printf2.o(i.__0vsprintf$2) refers to printf2.o(i._sputc) for _sputc
    printf3.o(i.__0fprintf$3) refers to printf3.o(i._printf_core) for _printf_core
    printf3.o(i.__0fprintf$3) refers to nxpcar.o(i.fputc) for fputc
    printf3.o(i.__0printf$3) refers to printf3.o(i._printf_core) for _printf_core
    printf3.o(i.__0printf$3) refers to nxpcar.o(i.fputc) for fputc
    printf3.o(i.__0printf$3) refers to stdout.o(.data) for __stdout
    printf3.o(i.__0snprintf$3) refers to printf3.o(i._printf_core) for _printf_core
    printf3.o(i.__0snprintf$3) refers to printf3.o(i._snputc) for _snputc
    printf3.o(i.__0sprintf$3) refers to printf3.o(i._printf_core) for _printf_core
    printf3.o(i.__0sprintf$3) refers to printf3.o(i._sputc) for _sputc
    printf3.o(i.__0vfprintf$3) refers to printf3.o(i._printf_core) for _printf_core
    printf3.o(i.__0vfprintf$3) refers to nxpcar.o(i.fputc) for fputc
    printf3.o(i.__0vprintf$3) refers to printf3.o(i._printf_core) for _printf_core
    printf3.o(i.__0vprintf$3) refers to nxpcar.o(i.fputc) for fputc
    printf3.o(i.__0vprintf$3) refers to stdout.o(.data) for __stdout
    printf3.o(i.__0vsnprintf$3) refers to printf3.o(i._printf_core) for _printf_core
    printf3.o(i.__0vsnprintf$3) refers to printf3.o(i._snputc) for _snputc
    printf3.o(i.__0vsprintf$3) refers to printf3.o(i._printf_core) for _printf_core
    printf3.o(i.__0vsprintf$3) refers to printf3.o(i._sputc) for _sputc
    printf3.o(i._printf_core) refers to uidiv.o(.text) for __aeabi_uidivmod
    printf4.o(i.__0fprintf$4) refers to printf4.o(i._printf_core) for _printf_core
    printf4.o(i.__0fprintf$4) refers to nxpcar.o(i.fputc) for fputc
    printf4.o(i.__0printf$4) refers to printf4.o(i._printf_core) for _printf_core
    printf4.o(i.__0printf$4) refers to nxpcar.o(i.fputc) for fputc
    printf4.o(i.__0printf$4) refers to stdout.o(.data) for __stdout
    printf4.o(i.__0snprintf$4) refers to printf4.o(i._printf_core) for _printf_core
    printf4.o(i.__0snprintf$4) refers to printf4.o(i._snputc) for _snputc
    printf4.o(i.__0sprintf$4) refers to printf4.o(i._printf_core) for _printf_core
    printf4.o(i.__0sprintf$4) refers to printf4.o(i._sputc) for _sputc
    printf4.o(i.__0vfprintf$4) refers to printf4.o(i._printf_core) for _printf_core
    printf4.o(i.__0vfprintf$4) refers to nxpcar.o(i.fputc) for fputc
    printf4.o(i.__0vprintf$4) refers to printf4.o(i._printf_core) for _printf_core
    printf4.o(i.__0vprintf$4) refers to nxpcar.o(i.fputc) for fputc
    printf4.o(i.__0vprintf$4) refers to stdout.o(.data) for __stdout
    printf4.o(i.__0vsnprintf$4) refers to printf4.o(i._printf_core) for _printf_core
    printf4.o(i.__0vsnprintf$4) refers to printf4.o(i._snputc) for _snputc
    printf4.o(i.__0vsprintf$4) refers to printf4.o(i._printf_core) for _printf_core
    printf4.o(i.__0vsprintf$4) refers to printf4.o(i._sputc) for _sputc
    printf4.o(i._printf_core) refers to uldiv.o(.text) for __aeabi_uldivmod
    printf5.o(i.__0fprintf$5) refers to printf5.o(i._printf_core) for _printf_core
    printf5.o(i.__0fprintf$5) refers to nxpcar.o(i.fputc) for fputc
    printf5.o(i.__0printf$5) refers to printf5.o(i._printf_core) for _printf_core
    printf5.o(i.__0printf$5) refers to nxpcar.o(i.fputc) for fputc
    printf5.o(i.__0printf$5) refers to stdout.o(.data) for __stdout
    printf5.o(i.__0snprintf$5) refers to printf5.o(i._printf_core) for _printf_core
    printf5.o(i.__0snprintf$5) refers to printf5.o(i._snputc) for _snputc
    printf5.o(i.__0sprintf$5) refers to printf5.o(i._printf_core) for _printf_core
    printf5.o(i.__0sprintf$5) refers to printf5.o(i._sputc) for _sputc
    printf5.o(i.__0vfprintf$5) refers to printf5.o(i._printf_core) for _printf_core
    printf5.o(i.__0vfprintf$5) refers to nxpcar.o(i.fputc) for fputc
    printf5.o(i.__0vprintf$5) refers to printf5.o(i._printf_core) for _printf_core
    printf5.o(i.__0vprintf$5) refers to nxpcar.o(i.fputc) for fputc
    printf5.o(i.__0vprintf$5) refers to stdout.o(.data) for __stdout
    printf5.o(i.__0vsnprintf$5) refers to printf5.o(i._printf_core) for _printf_core
    printf5.o(i.__0vsnprintf$5) refers to printf5.o(i._snputc) for _snputc
    printf5.o(i.__0vsprintf$5) refers to printf5.o(i._printf_core) for _printf_core
    printf5.o(i.__0vsprintf$5) refers to printf5.o(i._sputc) for _sputc
    printf5.o(i._printf_core) refers to uldiv.o(.text) for __aeabi_uldivmod
    printf6.o(i.__0fprintf$6) refers to printf6.o(i._printf_core) for _printf_core
    printf6.o(i.__0fprintf$6) refers to nxpcar.o(i.fputc) for fputc
    printf6.o(i.__0printf$6) refers to printf6.o(i._printf_core) for _printf_core
    printf6.o(i.__0printf$6) refers to nxpcar.o(i.fputc) for fputc
    printf6.o(i.__0printf$6) refers to stdout.o(.data) for __stdout
    printf6.o(i.__0snprintf$6) refers to printf6.o(i._printf_core) for _printf_core
    printf6.o(i.__0snprintf$6) refers to printf6.o(i._snputc) for _snputc
    printf6.o(i.__0sprintf$6) refers to printf6.o(i._printf_core) for _printf_core
    printf6.o(i.__0sprintf$6) refers to printf6.o(i._sputc) for _sputc
    printf6.o(i.__0vfprintf$6) refers to printf6.o(i._printf_core) for _printf_core
    printf6.o(i.__0vfprintf$6) refers to nxpcar.o(i.fputc) for fputc
    printf6.o(i.__0vprintf$6) refers to printf6.o(i._printf_core) for _printf_core
    printf6.o(i.__0vprintf$6) refers to nxpcar.o(i.fputc) for fputc
    printf6.o(i.__0vprintf$6) refers to stdout.o(.data) for __stdout
    printf6.o(i.__0vsnprintf$6) refers to printf6.o(i._printf_core) for _printf_core
    printf6.o(i.__0vsnprintf$6) refers to printf6.o(i._snputc) for _snputc
    printf6.o(i.__0vsprintf$6) refers to printf6.o(i._printf_core) for _printf_core
    printf6.o(i.__0vsprintf$6) refers to printf6.o(i._sputc) for _sputc
    printf6.o(i._printf_core) refers to printf6.o(i._printf_pre_padding) for _printf_pre_padding
    printf6.o(i._printf_core) refers to printf6.o(i._printf_post_padding) for _printf_post_padding
    printf6.o(i._printf_core) refers to uidiv.o(.text) for __aeabi_uidivmod
    printf7.o(i.__0fprintf$7) refers to printf7.o(i._printf_core) for _printf_core
    printf7.o(i.__0fprintf$7) refers to nxpcar.o(i.fputc) for fputc
    printf7.o(i.__0printf$7) refers to printf7.o(i._printf_core) for _printf_core
    printf7.o(i.__0printf$7) refers to nxpcar.o(i.fputc) for fputc
    printf7.o(i.__0printf$7) refers to stdout.o(.data) for __stdout
    printf7.o(i.__0snprintf$7) refers to printf7.o(i._printf_core) for _printf_core
    printf7.o(i.__0snprintf$7) refers to printf7.o(i._snputc) for _snputc
    printf7.o(i.__0sprintf$7) refers to printf7.o(i._printf_core) for _printf_core
    printf7.o(i.__0sprintf$7) refers to printf7.o(i._sputc) for _sputc
    printf7.o(i.__0vfprintf$7) refers to printf7.o(i._printf_core) for _printf_core
    printf7.o(i.__0vfprintf$7) refers to nxpcar.o(i.fputc) for fputc
    printf7.o(i.__0vprintf$7) refers to printf7.o(i._printf_core) for _printf_core
    printf7.o(i.__0vprintf$7) refers to nxpcar.o(i.fputc) for fputc
    printf7.o(i.__0vprintf$7) refers to stdout.o(.data) for __stdout
    printf7.o(i.__0vsnprintf$7) refers to printf7.o(i._printf_core) for _printf_core
    printf7.o(i.__0vsnprintf$7) refers to printf7.o(i._snputc) for _snputc
    printf7.o(i.__0vsprintf$7) refers to printf7.o(i._printf_core) for _printf_core
    printf7.o(i.__0vsprintf$7) refers to printf7.o(i._sputc) for _sputc
    printf7.o(i._printf_core) refers to printf7.o(i._printf_pre_padding) for _printf_pre_padding
    printf7.o(i._printf_core) refers to printf7.o(i._printf_post_padding) for _printf_post_padding
    printf7.o(i._printf_core) refers to uldiv.o(.text) for __aeabi_uldivmod
    printf8.o(i.__0fprintf$8) refers to printf8.o(i._printf_core) for _printf_core
    printf8.o(i.__0fprintf$8) refers to nxpcar.o(i.fputc) for fputc
    printf8.o(i.__0printf$8) refers to printf8.o(i._printf_core) for _printf_core
    printf8.o(i.__0printf$8) refers to nxpcar.o(i.fputc) for fputc
    printf8.o(i.__0printf$8) refers to stdout.o(.data) for __stdout
    printf8.o(i.__0snprintf$8) refers to printf8.o(i._printf_core) for _printf_core
    printf8.o(i.__0snprintf$8) refers to printf8.o(i._snputc) for _snputc
    printf8.o(i.__0sprintf$8) refers to printf8.o(i._printf_core) for _printf_core
    printf8.o(i.__0sprintf$8) refers to printf8.o(i._sputc) for _sputc
    printf8.o(i.__0vfprintf$8) refers to printf8.o(i._printf_core) for _printf_core
    printf8.o(i.__0vfprintf$8) refers to nxpcar.o(i.fputc) for fputc
    printf8.o(i.__0vprintf$8) refers to printf8.o(i._printf_core) for _printf_core
    printf8.o(i.__0vprintf$8) refers to nxpcar.o(i.fputc) for fputc
    printf8.o(i.__0vprintf$8) refers to stdout.o(.data) for __stdout
    printf8.o(i.__0vsnprintf$8) refers to printf8.o(i._printf_core) for _printf_core
    printf8.o(i.__0vsnprintf$8) refers to printf8.o(i._snputc) for _snputc
    printf8.o(i.__0vsprintf$8) refers to printf8.o(i._printf_core) for _printf_core
    printf8.o(i.__0vsprintf$8) refers to printf8.o(i._sputc) for _sputc
    printf8.o(i._printf_core) refers to printf8.o(i._printf_pre_padding) for _printf_pre_padding
    printf8.o(i._printf_core) refers to printf8.o(i._printf_post_padding) for _printf_post_padding
    printf8.o(i._printf_core) refers to uldiv.o(.text) for __aeabi_uldivmod
    printfa.o(i.__0fprintf) refers (Special) to iusefp.o(.text) for __I$use$fp
    printfa.o(i.__0fprintf) refers to printfa.o(i._printf_core) for _printf_core
    printfa.o(i.__0fprintf) refers to nxpcar.o(i.fputc) for fputc
    printfa.o(i.__0printf) refers (Special) to iusefp.o(.text) for __I$use$fp
    printfa.o(i.__0printf) refers to printfa.o(i._printf_core) for _printf_core
    printfa.o(i.__0printf) refers to nxpcar.o(i.fputc) for fputc
    printfa.o(i.__0printf) refers to stdout.o(.data) for __stdout
    printfa.o(i.__0snprintf) refers (Special) to iusefp.o(.text) for __I$use$fp
    printfa.o(i.__0snprintf) refers to printfa.o(i._printf_core) for _printf_core
    printfa.o(i.__0snprintf) refers to printfa.o(i._snputc) for _snputc
    printfa.o(i.__0sprintf) refers (Special) to iusefp.o(.text) for __I$use$fp
    printfa.o(i.__0sprintf) refers to printfa.o(i._printf_core) for _printf_core
    printfa.o(i.__0sprintf) refers to printfa.o(i._sputc) for _sputc
    printfa.o(i.__0vfprintf) refers (Special) to iusefp.o(.text) for __I$use$fp
    printfa.o(i.__0vfprintf) refers to printfa.o(i._printf_core) for _printf_core
    printfa.o(i.__0vfprintf) refers to nxpcar.o(i.fputc) for fputc
    printfa.o(i.__0vprintf) refers (Special) to iusefp.o(.text) for __I$use$fp
    printfa.o(i.__0vprintf) refers to printfa.o(i._printf_core) for _printf_core
    printfa.o(i.__0vprintf) refers to nxpcar.o(i.fputc) for fputc
    printfa.o(i.__0vprintf) refers to stdout.o(.data) for __stdout
    printfa.o(i.__0vsnprintf) refers (Special) to iusefp.o(.text) for __I$use$fp
    printfa.o(i.__0vsnprintf) refers to printfa.o(i._printf_core) for _printf_core
    printfa.o(i.__0vsnprintf) refers to printfa.o(i._snputc) for _snputc
    printfa.o(i.__0vsprintf) refers (Special) to iusefp.o(.text) for __I$use$fp
    printfa.o(i.__0vsprintf) refers to printfa.o(i._printf_core) for _printf_core
    printfa.o(i.__0vsprintf) refers to printfa.o(i._sputc) for _sputc
    printfa.o(i._fp_digits) refers (Special) to iusefp.o(.text) for __I$use$fp
    printfa.o(i._fp_digits) refers to dmul.o(.text) for __aeabi_dmul
    printfa.o(i._fp_digits) refers to ddiv.o(.text) for __aeabi_ddiv
    printfa.o(i._fp_digits) refers to cdrcmple.o(.text) for __aeabi_cdrcmple
    printfa.o(i._fp_digits) refers to dadd.o(.text) for __aeabi_dadd
    printfa.o(i._fp_digits) refers to dfixul.o(.text) for __aeabi_d2ulz
    printfa.o(i._fp_digits) refers to uldiv.o(.text) for __aeabi_uldivmod
    printfa.o(i._printf_core) refers (Special) to iusefp.o(.text) for __I$use$fp
    printfa.o(i._printf_core) refers to printfa.o(i._printf_pre_padding) for _printf_pre_padding
    printfa.o(i._printf_core) refers to uldiv.o(.text) for __aeabi_uldivmod
    printfa.o(i._printf_core) refers to printfa.o(i._printf_post_padding) for _printf_post_padding
    printfa.o(i._printf_core) refers to printfa.o(i._fp_digits) for _fp_digits
    printfa.o(i._printf_core) refers to uidiv.o(.text) for __aeabi_uidivmod
    printfa.o(i._printf_post_padding) refers (Special) to iusefp.o(.text) for __I$use$fp
    printfa.o(i._printf_pre_padding) refers (Special) to iusefp.o(.text) for __I$use$fp
    printfa.o(i._snputc) refers (Special) to iusefp.o(.text) for __I$use$fp
    printfa.o(i._sputc) refers (Special) to iusefp.o(.text) for __I$use$fp
    entry2.o(.ARM.Collect$$$$00000001) refers to entry2.o(.ARM.Collect$$$$00002712) for __lit__00000000
    entry2.o(.ARM.Collect$$$$00002712) refers to startup_skeaz1284.o(STACK) for __initial_sp
    entry2.o(__vectab_stack_and_reset_area) refers to startup_skeaz1284.o(STACK) for __initial_sp
    entry2.o(__vectab_stack_and_reset_area) refers to entry.o(.ARM.Collect$$$$00000000) for __main
    entry5.o(.ARM.Collect$$$$00000004) refers to init.o(.text) for __scatterload
    entry9a.o(.ARM.Collect$$$$0000000B) refers to nxpcar.o(i.main) for main
    entry9b.o(.ARM.Collect$$$$0000000C) refers to nxpcar.o(i.main) for main
    uldiv.o(.text) refers to llushr.o(.text) for __aeabi_llsr
    uldiv.o(.text) refers to llshl.o(.text) for __aeabi_llsl
    dadd.o(.text) refers to llshl.o(.text) for __aeabi_llsl
    dadd.o(.text) refers to llsshr.o(.text) for __aeabi_lasr
    dadd.o(.text) refers to depilogue.o(.text) for _double_epilogue
    dmul.o(.text) refers to depilogue.o(.text) for _double_epilogue
    ddiv.o(.text) refers to depilogue.o(.text) for _double_round
    dfixul.o(.text) refers to llushr.o(.text) for __aeabi_llsr
    dfixul.o(.text) refers to llshl.o(.text) for __aeabi_llsl
    init.o(.text) refers to entry5.o(.ARM.Collect$$$$00000004) for __main_after_scatterload
    depilogue.o(.text) refers to depilogue.o(i.__ARM_clz) for __ARM_clz
    depilogue.o(.text) refers to llshl.o(.text) for __aeabi_llsl
    depilogue.o(.text) refers to llushr.o(.text) for __aeabi_llsr


==============================================================================

Removing Unused input sections from the image.

    Removing nxpcar.o(.rev16_text), (4 bytes).
    Removing nxpcar.o(.revsh_text), (4 bytes).
    Removing mpu6050.o(.rev16_text), (4 bytes).
    Removing mpu6050.o(.revsh_text), (4 bytes).
    Removing mpu6050.o(i.I2C_Receive), (24 bytes).
    Removing mpu6050.o(i.I2C_Transmit), (24 bytes).
    Removing mpu6050.o(i.MPU_Init), (72 bytes).
    Removing mpu6050.o(i.MPU_ReadAx), (14 bytes).
    Removing mpu6050.o(i.MPU_ReadAy), (14 bytes).
    Removing mpu6050.o(i.MPU_ReadAz), (14 bytes).
    Removing mpu6050.o(i.MPU_ReadBytes), (48 bytes).
    Removing mpu6050.o(i.MPU_ReadGx), (14 bytes).
    Removing mpu6050.o(i.MPU_ReadGy), (14 bytes).
    Removing mpu6050.o(i.MPU_ReadGz), (14 bytes).
    Removing mpu6050.o(i.MPU_ReadReg), (44 bytes).
    Removing mpu6050.o(i.MPU_ReadReg16), (28 bytes).
    Removing mpu6050.o(i.MPU_SetScale), (24 bytes).
    Removing mpu6050.o(i.MPU_WakeUp), (12 bytes).
    Removing mpu6050.o(i.MPU_WriteReg), (36 bytes).
    Removing mpu6050.o(i.MPU_isReady), (26 bytes).
    Removing ics.o(.rev16_text), (4 bytes).
    Removing ics.o(.revsh_text), (4 bytes).
    Removing ics.o(i.FBELP_to_FBE), (20 bytes).
    Removing ics.o(i.FBE_to_FBELP), (20 bytes).
    Removing ics.o(i.FBE_to_FBI), (96 bytes).
    Removing ics.o(i.FBE_to_FEE), (84 bytes).
    Removing ics.o(i.FBE_to_FEI), (104 bytes).
    Removing ics.o(i.FBILP_to_FBI), (20 bytes).
    Removing ics.o(i.FBI_to_FBE), (96 bytes).
    Removing ics.o(i.FBI_to_FBILP), (20 bytes).
    Removing ics.o(i.FBI_to_FEE), (124 bytes).
    Removing ics.o(i.FBI_to_FEI), (100 bytes).
    Removing ics.o(i.FEE_to_FBE), (88 bytes).
    Removing ics.o(i.FEE_to_FBI), (108 bytes).
    Removing ics.o(i.FEE_to_FEI), (92 bytes).
    Removing ics.o(i.ICS_Trim), (44 bytes).
    Removing ics.o(i.OSC_DeInit), (12 bytes).
    Removing ics.o(i.OSC_Disable), (20 bytes).
    Removing nvic.o(.rev16_text), (4 bytes).
    Removing nvic.o(.revsh_text), (4 bytes).
    Removing nvic.o(i.Disable_Interrupt), (80 bytes).
    Removing uart.o(.rev16_text), (4 bytes).
    Removing uart.o(.revsh_text), (4 bytes).
    Removing uart.o(i.UART_CheckFlag), (26 bytes).
    Removing uart.o(i.UART_DisableInterrupt), (112 bytes).
    Removing uart.o(i.UART_GetChar), (18 bytes).
    Removing uart.o(i.UART_GetFlags), (16 bytes).
    Removing uart.o(i.UART_ReceiveWait), (40 bytes).
    Removing uart.o(i.UART_SendWait), (40 bytes).
    Removing uart.o(i.UART_SetBaudrate), (58 bytes).
    Removing uart.o(i.UART_SetCallback), (12 bytes).
    Removing uart.o(i.UART_WaitTxComplete), (16 bytes).
    Removing uart.o(.bss), (60 bytes).
    Removing i2c.o(.rev16_text), (4 bytes).
    Removing i2c.o(.revsh_text), (4 bytes).
    Removing i2c.o(i.I2C0_SetCallBack), (12 bytes).
    Removing i2c.o(i.I2C1_SetCallBack), (12 bytes).
    Removing i2c.o(i.I2C_ClearStatus), (8 bytes).
    Removing i2c.o(i.I2C_Deinit), (52 bytes).
    Removing i2c.o(i.I2C_GetStatus), (6 bytes).
    Removing i2c.o(i.I2C_Init), (288 bytes).
    Removing i2c.o(i.I2C_IntDisable), (48 bytes).
    Removing i2c.o(i.I2C_IntEnable), (48 bytes).
    Removing i2c.o(i.I2C_IsBusy), (10 bytes).
    Removing i2c.o(i.I2C_MasterRead), (76 bytes).
    Removing i2c.o(i.I2C_MasterReadWait), (104 bytes).
    Removing i2c.o(i.I2C_MasterSend), (56 bytes).
    Removing i2c.o(i.I2C_MasterSendWait), (74 bytes).
    Removing i2c.o(i.I2C_ReadOneByte), (144 bytes).
    Removing i2c.o(i.I2C_RepeatStart), (60 bytes).
    Removing i2c.o(i.I2C_RxEnable), (10 bytes).
    Removing i2c.o(i.I2C_SendAck), (10 bytes).
    Removing i2c.o(i.I2C_SetSCLLowTimeout), (8 bytes).
    Removing i2c.o(i.I2C_SetSlaveAddress), (22 bytes).
    Removing i2c.o(i.I2C_Start), (60 bytes).
    Removing i2c.o(i.I2C_Stop), (56 bytes).
    Removing i2c.o(i.I2C_TxEnable), (10 bytes).
    Removing i2c.o(i.I2C_WriteOneByte), (136 bytes).
    Removing ftm.o(.rev16_text), (4 bytes).
    Removing ftm.o(.revsh_text), (4 bytes).
    Removing ftm.o(i.FTM_ClockSet), (28 bytes).
    Removing ftm.o(i.FTM_DeInit), (164 bytes).
    Removing ftm.o(i.FTM_DualEdgeCaptureInit), (224 bytes).
    Removing ftm.o(i.FTM_GenerateTrig2), (28 bytes).
    Removing ftm.o(i.FTM_HardwareSync), (62 bytes).
    Removing ftm.o(i.FTM_HardwareSyncCombine), (32 bytes).
    Removing ftm.o(i.FTM_InputCaptureInit), (160 bytes).
    Removing ftm.o(i.FTM_InvertChannel), (104 bytes).
    Removing ftm.o(i.FTM_OutputCompareInit), (108 bytes).
    Removing ftm.o(i.FTM_OutputMaskSet), (96 bytes).
    Removing ftm.o(i.FTM_PWMDeadtimeSet), (80 bytes).
    Removing ftm.o(i.FTM_PWMInit), (208 bytes).
    Removing ftm.o(i.FTM_PolaritySet), (34 bytes).
    Removing ftm.o(i.FTM_SWOutputControlSet), (148 bytes).
    Removing ftm.o(i.FTM_SetCallback), (24 bytes).
    Removing ftm.o(i.FTM_SetDebugModeBehavior), (32 bytes).
    Removing ftm.o(i.FTM_SetTOFFrequency), (26 bytes).
    Removing ftm.o(i.FTM_SoftwareSync), (22 bytes).
    Removing ftm.o(i.FTM_SyncConfigActivate), (12 bytes).
    Removing ftm.o(i.FTM_SyncConfigDeactivate), (12 bytes).
    Removing adc.o(.rev16_text), (4 bytes).
    Removing adc.o(.revsh_text), (4 bytes).
    Removing adc.o(i.ADC_DeInit), (32 bytes).
    Removing adc.o(i.ADC_PollRead), (36 bytes).
    Removing adc.o(i.ADC_SetCallBack), (12 bytes).
    Removing adc.o(i.ADC_VrefSelect), (16 bytes).
    Removing startup_skeaz1284.o(HEAP), (0 bytes).
    Removing system_skeaz1284.o(.rev16_text), (4 bytes).
    Removing system_skeaz1284.o(.revsh_text), (4 bytes).
    Removing system_skeaz1284.o(i.SystemCoreClockUpdate), (180 bytes).
    Removing system_skeaz1284.o(.data), (4 bytes).
    Removing dadd.o(.text), (356 bytes).
    Removing dmul.o(.text), (208 bytes).
    Removing ddiv.o(.text), (240 bytes).
    Removing dfixul.o(.text), (64 bytes).
    Removing cdrcmple.o(.text), (40 bytes).
    Removing depilogue.o(.text), (190 bytes).
    Removing depilogue.o(i.__ARM_clz), (46 bytes).

118 unused section(s) (total 6358 bytes) removed from the image.

==============================================================================

Image Symbol Table

    Local Symbols

    Symbol Name                              Value     Ov Type        Size  Object(Section)

    RESET                                    0x00000000   Section      192  startup_skeaz1284.o(RESET)
    ../clib/microlib/division.c              0x00000000   Number         0  uidiv.o ABSOLUTE
    ../clib/microlib/division.c              0x00000000   Number         0  uldiv.o ABSOLUTE
    ../clib/microlib/init/entry.s            0x00000000   Number         0  entry7b.o ABSOLUTE
    ../clib/microlib/init/entry.s            0x00000000   Number         0  entry.o ABSOLUTE
    ../clib/microlib/init/entry.s            0x00000000   Number         0  entry5.o ABSOLUTE
    ../clib/microlib/init/entry.s            0x00000000   Number         0  entry7a.o ABSOLUTE
    ../clib/microlib/init/entry.s            0x00000000   Number         0  entry8a.o ABSOLUTE
    ../clib/microlib/init/entry.s            0x00000000   Number         0  entry8b.o ABSOLUTE
    ../clib/microlib/init/entry.s            0x00000000   Number         0  entry9a.o ABSOLUTE
    ../clib/microlib/init/entry.s            0x00000000   Number         0  entry11b.o ABSOLUTE
    ../clib/microlib/init/entry.s            0x00000000   Number         0  entry11a.o ABSOLUTE
    ../clib/microlib/init/entry.s            0x00000000   Number         0  entry9b.o ABSOLUTE
    ../clib/microlib/init/entry.s            0x00000000   Number         0  entry10a.o ABSOLUTE
    ../clib/microlib/init/entry.s            0x00000000   Number         0  entry10b.o ABSOLUTE
    ../clib/microlib/init/entry.s            0x00000000   Number         0  entry2.o ABSOLUTE
    ../clib/microlib/longlong.c              0x00000000   Number         0  llsshr.o ABSOLUTE
    ../clib/microlib/longlong.c              0x00000000   Number         0  llushr.o ABSOLUTE
    ../clib/microlib/longlong.c              0x00000000   Number         0  llshl.o ABSOLUTE
    ../clib/microlib/printf/printf.c         0x00000000   Number         0  printf2.o ABSOLUTE
    ../clib/microlib/printf/printf.c         0x00000000   Number         0  printf4.o ABSOLUTE
    ../clib/microlib/printf/printf.c         0x00000000   Number         0  printf5.o ABSOLUTE
    ../clib/microlib/printf/printf.c         0x00000000   Number         0  printf6.o ABSOLUTE
    ../clib/microlib/printf/printf.c         0x00000000   Number         0  printf3.o ABSOLUTE
    ../clib/microlib/printf/printf.c         0x00000000   Number         0  printf7.o ABSOLUTE
    ../clib/microlib/printf/printf.c         0x00000000   Number         0  printf8.o ABSOLUTE
    ../clib/microlib/printf/printf.c         0x00000000   Number         0  printfa.o ABSOLUTE
    ../clib/microlib/printf/printf.c         0x00000000   Number         0  printf1.o ABSOLUTE
    ../clib/microlib/printf/printf.c         0x00000000   Number         0  printf0.o ABSOLUTE
    ../clib/microlib/printf/printf.c         0x00000000   Number         0  printfb.o ABSOLUTE
    ../clib/microlib/printf/stubs.s          0x00000000   Number         0  stubs.o ABSOLUTE
    ../clib/microlib/stdio/streams.c         0x00000000   Number         0  stdout.o ABSOLUTE
    ../clib/microlib/string/memset.c         0x00000000   Number         0  memseta.o ABSOLUTE
    ../clib/microlib/stubs.s                 0x00000000   Number         0  iusefp.o ABSOLUTE
    ../fplib/microlib/fpadd.c                0x00000000   Number         0  dadd.o ABSOLUTE
    ../fplib/microlib/fpdiv.c                0x00000000   Number         0  ddiv.o ABSOLUTE
    ../fplib/microlib/fpepilogue.c           0x00000000   Number         0  depilogue.o ABSOLUTE
    ../fplib/microlib/fpfix.c                0x00000000   Number         0  dfixul.o ABSOLUTE
    ../fplib/microlib/fpmul.c                0x00000000   Number         0  dmul.o ABSOLUTE
    RTE\Device\SKEAZ128xxx4\startup_SKEAZ1284.s 0x00000000   Number         0  startup_skeaz1284.o ABSOLUTE
    RTE\Device\SKEAZ128xxx4\system_SKEAZ1284.c 0x00000000   Number         0  system_skeaz1284.o ABSOLUTE
    RTE\\Device\\SKEAZ128xxx4\\system_SKEAZ1284.c 0x00000000   Number         0  system_skeaz1284.o ABSOLUTE
    cdrcmple.s                               0x00000000   Number         0  cdrcmple.o ABSOLUTE
    dc.s                                     0x00000000   Number         0  dc.o ABSOLUTE
    handlers.s                               0x00000000   Number         0  handlers.o ABSOLUTE
    init.s                                   0x00000000   Number         0  init.o ABSOLUTE
    lib\\src\\adc.c                          0x00000000   Number         0  adc.o ABSOLUTE
    lib\\src\\ftm.c                          0x00000000   Number         0  ftm.o ABSOLUTE
    lib\\src\\i2c.c                          0x00000000   Number         0  i2c.o ABSOLUTE
    lib\\src\\ics.c                          0x00000000   Number         0  ics.o ABSOLUTE
    lib\\src\\nvic.c                         0x00000000   Number         0  nvic.o ABSOLUTE
    lib\\src\\uart.c                         0x00000000   Number         0  uart.o ABSOLUTE
    lib\src\adc.c                            0x00000000   Number         0  adc.o ABSOLUTE
    lib\src\ftm.c                            0x00000000   Number         0  ftm.o ABSOLUTE
    lib\src\i2c.c                            0x00000000   Number         0  i2c.o ABSOLUTE
    lib\src\ics.c                            0x00000000   Number         0  ics.o ABSOLUTE
    lib\src\nvic.c                           0x00000000   Number         0  nvic.o ABSOLUTE
    lib\src\uart.c                           0x00000000   Number         0  uart.o ABSOLUTE
    user\\src\\mpu6050.c                     0x00000000   Number         0  mpu6050.o ABSOLUTE
    user\\src\\nxpCar.c                      0x00000000   Number         0  nxpcar.o ABSOLUTE
    user\src\mpu6050.c                       0x00000000   Number         0  mpu6050.o ABSOLUTE
    user\src\nxpCar.c                        0x00000000   Number         0  nxpcar.o ABSOLUTE
    .ARM.Collect$$$$00000000                 0x000000c0   Section        0  entry.o(.ARM.Collect$$$$00000000)
    .ARM.Collect$$$$00000001                 0x000000c0   Section        4  entry2.o(.ARM.Collect$$$$00000001)
    .ARM.Collect$$$$00000004                 0x000000c4   Section        4  entry5.o(.ARM.Collect$$$$00000004)
    .ARM.Collect$$$$00000008                 0x000000c8   Section        0  entry7b.o(.ARM.Collect$$$$00000008)
    .ARM.Collect$$$$0000000A                 0x000000c8   Section        0  entry8b.o(.ARM.Collect$$$$0000000A)
    .ARM.Collect$$$$0000000B                 0x000000c8   Section        8  entry9a.o(.ARM.Collect$$$$0000000B)
    .ARM.Collect$$$$0000000D                 0x000000d0   Section        0  entry10a.o(.ARM.Collect$$$$0000000D)
    .ARM.Collect$$$$0000000F                 0x000000d0   Section        0  entry11a.o(.ARM.Collect$$$$0000000F)
    .ARM.Collect$$$$00002712                 0x000000d0   Section        4  entry2.o(.ARM.Collect$$$$00002712)
    __lit__00000000                          0x000000d0   Data           4  entry2.o(.ARM.Collect$$$$00002712)
    .text                                    0x000000d4   Section       40  startup_skeaz1284.o(.text)
    .text                                    0x000000fc   Section        0  uidiv.o(.text)
    .text                                    0x00000128   Section        0  memseta.o(.text)
    .text                                    0x0000014c   Section       36  init.o(.text)
    i.ADC_IRQHandler                         0x00000170   Section        0  adc.o(i.ADC_IRQHandler)
    i.ADC_Init                               0x00000188   Section        0  adc.o(i.ADC_Init)
    i.ADC_SelectClock                        0x00000324   Section        0  adc.o(i.ADC_SelectClock)
    i.ADC_SelectClockDivide                  0x00000334   Section        0  adc.o(i.ADC_SelectClockDivide)
    i.ADC_SetChannel                         0x0000034a   Section        0  adc.o(i.ADC_SetChannel)
    i.ADC_SetFifoLevel                       0x0000035a   Section        0  adc.o(i.ADC_SetFifoLevel)
    i.ADC_SetMode                            0x0000036a   Section        0  adc.o(i.ADC_SetMode)
    i.Enable_Interrupt                       0x00000380   Section        0  nvic.o(i.Enable_Interrupt)
    i.FTM0_IRQHandler                        0x000003b4   Section        0  ftm.o(i.FTM0_IRQHandler)
    i.FTM1_IRQHandler                        0x000003cc   Section        0  ftm.o(i.FTM1_IRQHandler)
    i.FTM2_IRQHandler                        0x000003e4   Section        0  ftm.o(i.FTM2_IRQHandler)
    i.__scatterload_null                     0x000003fc   Section        2  handlers.o(i.__scatterload_null)
    .ARM.__at_0x400                          0x00000400   Section       16  startup_skeaz1284.o(.ARM.__at_0x400)
    i.FEI_factory_to_FEI_custom              0x00000410   Section        0  ics.o(i.FEI_factory_to_FEI_custom)
    i.FEI_to_FBE                             0x00000468   Section        0  ics.o(i.FEI_to_FBE)
    i.FEI_to_FBI                             0x000004e0   Section        0  ics.o(i.FEI_to_FBI)
    i.FEI_to_FEE                             0x00000538   Section        0  ics.o(i.FEI_to_FEE)
    i.FTM_ChannelInit                        0x0000059c   Section        0  ftm.o(i.FTM_ChannelInit)
    i.FTM_Init                               0x00000798   Section        0  ftm.o(i.FTM_Init)
    i.FTM_SetChannelValue                    0x0000088c   Section        0  nxpcar.o(i.FTM_SetChannelValue)
    FTM_SetChannelValue                      0x0000088d   Thumb Code    84  nxpcar.o(i.FTM_SetChannelValue)
    i.I2C0_IRQHandler                        0x000008e4   Section        0  i2c.o(i.I2C0_IRQHandler)
    i.I2C1_IRQHandler                        0x000008fc   Section        0  i2c.o(i.I2C1_IRQHandler)
    i.ICS_Init                               0x00000914   Section        0  ics.o(i.ICS_Init)
    i.ICS_SetBusDivider                      0x00000994   Section        0  ics.o(i.ICS_SetBusDivider)
    ICS_SetBusDivider                        0x00000995   Thumb Code    22  ics.o(i.ICS_SetBusDivider)
    i.ICS_SetOscDivider                      0x000009b0   Section        0  ics.o(i.ICS_SetOscDivider)
    i.OSC_Init                               0x00000a44   Section        0  ics.o(i.OSC_Init)
    i.SysTick_Handler                        0x00000ab0   Section        0  nxpcar.o(i.SysTick_Handler)
    i.SystemInit                             0x00000b20   Section        0  system_skeaz1284.o(i.SystemInit)
    i.UART0_IRQHandler                       0x00000b90   Section        0  uart.o(i.UART0_IRQHandler)
    i.UART1_IRQHandler                       0x00000ba4   Section        0  uart.o(i.UART1_IRQHandler)
    i.UART2_IRQHandler                       0x00000bb8   Section        0  uart.o(i.UART2_IRQHandler)
    i.UART_Init                              0x00000bcc   Section        0  uart.o(i.UART_Init)
    i.UART_PutChar                           0x00000cf4   Section        0  uart.o(i.UART_PutChar)
    i.__0printf$1                            0x00000d04   Section        0  printf1.o(i.__0printf$1)
    i.__scatterload_copy                     0x00000d24   Section       14  handlers.o(i.__scatterload_copy)
    i.__scatterload_zeroinit                 0x00000d32   Section       14  handlers.o(i.__scatterload_zeroinit)
    i._printf_core                           0x00000d40   Section        0  printf1.o(i._printf_core)
    _printf_core                             0x00000d41   Thumb Code   332  printf1.o(i._printf_core)
    i.adcInit                                0x00000e90   Section        0  nxpcar.o(i.adcInit)
    i.fputc                                  0x00000ed4   Section        0  nxpcar.o(i.fputc)
    i.icsInit                                0x00000eec   Section        0  nxpcar.o(i.icsInit)
    i.main                                   0x00000f34   Section        0  nxpcar.o(i.main)
    i.pwmFtmInit                             0x00000f84   Section        0  nxpcar.o(i.pwmFtmInit)
    i.systickInit                            0x00001020   Section        0  nxpcar.o(i.systickInit)
    i.uartInit                               0x0000103c   Section        0  nxpcar.o(i.uartInit)
    .data                                    0x1ffff000   Section        4  nxpcar.o(.data)
    .data                                    0x1ffff004   Section       20  uart.o(.data)
    gu16UART_TxBuffPos                       0x1ffff008   Data           6  uart.o(.data)
    gu16UART_RxBuffPos                       0x1ffff00e   Data           6  uart.o(.data)
    .data                                    0x1ffff018   Section        8  i2c.o(.data)
    I2C_Callback                             0x1ffff018   Data           8  i2c.o(.data)
    .data                                    0x1ffff020   Section        4  adc.o(.data)
    .data                                    0x1ffff024   Section        4  stdout.o(.data)
    .bss                                     0x1ffff028   Section       12  ftm.o(.bss)
    STACK                                    0x1ffff038   Section      256  startup_skeaz1284.o(STACK)

    Global Symbols

    Symbol Name                              Value     Ov Type        Size  Object(Section)

    BuildAttributes$$THM_ISAv3M$S$PE$A:L22$X:L11$S22$IEEE1$IW$USESV6$~STKCKD$USESV7$~SHL$OSPACE$ROPI$EBA8$MICROLIB$REQ8$PRES8$EABIv2 0x00000000   Number         0  anon$$obj.o ABSOLUTE
    __ARM_use_no_argv                        0x00000000   Number         0  nxpcar.o ABSOLUTE
    __Vectors                                0x00000000   Data           4  startup_skeaz1284.o(RESET)
    _printf_a                                0x00000000   Number         0  stubs.o ABSOLUTE
    _printf_c                                0x00000000   Number         0  stubs.o ABSOLUTE
    _printf_charcount                        0x00000000   Number         0  stubs.o ABSOLUTE
    _printf_d                                0x00000000   Number         0  stubs.o ABSOLUTE
    _printf_e                                0x00000000   Number         0  stubs.o ABSOLUTE
    _printf_f                                0x00000000   Number         0  stubs.o ABSOLUTE
    _printf_flags                            0x00000000   Number         0  stubs.o ABSOLUTE
    _printf_fp_dec                           0x00000000   Number         0  stubs.o ABSOLUTE
    _printf_fp_hex                           0x00000000   Number         0  stubs.o ABSOLUTE
    _printf_g                                0x00000000   Number         0  stubs.o ABSOLUTE
    _printf_i                                0x00000000   Number         0  stubs.o ABSOLUTE
    _printf_int_dec                          0x00000000   Number         0  stubs.o ABSOLUTE
    _printf_l                                0x00000000   Number         0  stubs.o ABSOLUTE
    _printf_lc                               0x00000000   Number         0  stubs.o ABSOLUTE
    _printf_ll                               0x00000000   Number         0  stubs.o ABSOLUTE
    _printf_lld                              0x00000000   Number         0  stubs.o ABSOLUTE
    _printf_lli                              0x00000000   Number         0  stubs.o ABSOLUTE
    _printf_llo                              0x00000000   Number         0  stubs.o ABSOLUTE
    _printf_llu                              0x00000000   Number         0  stubs.o ABSOLUTE
    _printf_llx                              0x00000000   Number         0  stubs.o ABSOLUTE
    _printf_longlong_dec                     0x00000000   Number         0  stubs.o ABSOLUTE
    _printf_longlong_hex                     0x00000000   Number         0  stubs.o ABSOLUTE
    _printf_longlong_oct                     0x00000000   Number         0  stubs.o ABSOLUTE
    _printf_ls                               0x00000000   Number         0  stubs.o ABSOLUTE
    _printf_mbtowc                           0x00000000   Number         0  stubs.o ABSOLUTE
    _printf_n                                0x00000000   Number         0  stubs.o ABSOLUTE
    _printf_o                                0x00000000   Number         0  stubs.o ABSOLUTE
    _printf_p                                0x00000000   Number         0  stubs.o ABSOLUTE
    _printf_percent                          0x00000000   Number         0  stubs.o ABSOLUTE
    _printf_pre_padding                      0x00000000   Number         0  stubs.o ABSOLUTE
    _printf_return_value                     0x00000000   Number         0  stubs.o ABSOLUTE
    _printf_s                                0x00000000   Number         0  stubs.o ABSOLUTE
    _printf_sizespec                         0x00000000   Number         0  stubs.o ABSOLUTE
    _printf_str                              0x00000000   Number         0  stubs.o ABSOLUTE
    _printf_truncate_signed                  0x00000000   Number         0  stubs.o ABSOLUTE
    _printf_truncate_unsigned                0x00000000   Number         0  stubs.o ABSOLUTE
    _printf_u                                0x00000000   Number         0  stubs.o ABSOLUTE
    _printf_wc                               0x00000000   Number         0  stubs.o ABSOLUTE
    _printf_wctomb                           0x00000000   Number         0  stubs.o ABSOLUTE
    _printf_widthprec                        0x00000000   Number         0  stubs.o ABSOLUTE
    _printf_x                                0x00000000   Number         0  stubs.o ABSOLUTE
    __cpp_initialize__aeabi_                  - Undefined Weak Reference
    __cxa_finalize                            - Undefined Weak Reference
    __decompress                              - Undefined Weak Reference
    _clock_init                               - Undefined Weak Reference
    _microlib_exit                            - Undefined Weak Reference
    __Vectors_End                            0x000000c0   Data           0  startup_skeaz1284.o(RESET)
    __Vectors_Size                           0x000000c0   Number         0  startup_skeaz1284.o ABSOLUTE
    __main                                   0x000000c1   Thumb Code     0  entry.o(.ARM.Collect$$$$00000000)
    _main_stk                                0x000000c1   Thumb Code     0  entry2.o(.ARM.Collect$$$$00000001)
    _main_scatterload                        0x000000c5   Thumb Code     0  entry5.o(.ARM.Collect$$$$00000004)
    __main_after_scatterload                 0x000000c9   Thumb Code     0  entry5.o(.ARM.Collect$$$$00000004)
    _main_clock                              0x000000c9   Thumb Code     0  entry7b.o(.ARM.Collect$$$$00000008)
    _main_cpp_init                           0x000000c9   Thumb Code     0  entry8b.o(.ARM.Collect$$$$0000000A)
    _main_init                               0x000000c9   Thumb Code     0  entry9a.o(.ARM.Collect$$$$0000000B)
    __rt_final_cpp                           0x000000d1   Thumb Code     0  entry10a.o(.ARM.Collect$$$$0000000D)
    __rt_final_exit                          0x000000d1   Thumb Code     0  entry11a.o(.ARM.Collect$$$$0000000F)
    init_data_bss                            0x000000d5   Thumb Code     2  startup_skeaz1284.o(.text)
    Reset_Handler                            0x000000d7   Thumb Code    12  startup_skeaz1284.o(.text)
    NMI_Handler                              0x000000e3   Thumb Code     2  startup_skeaz1284.o(.text)
    HardFault_Handler                        0x000000e5   Thumb Code     2  startup_skeaz1284.o(.text)
    SVC_Handler                              0x000000e7   Thumb Code     2  startup_skeaz1284.o(.text)
    PendSV_Handler                           0x000000e9   Thumb Code     2  startup_skeaz1284.o(.text)
    ACMP0_IRQHandler                         0x000000ed   Thumb Code     0  startup_skeaz1284.o(.text)
    ACMP1_IRQHandler                         0x000000ed   Thumb Code     0  startup_skeaz1284.o(.text)
    DefaultISR                               0x000000ed   Thumb Code     0  startup_skeaz1284.o(.text)
    FTMRE_IRQHandler                         0x000000ed   Thumb Code     0  startup_skeaz1284.o(.text)
    ICS_IRQHandler                           0x000000ed   Thumb Code     0  startup_skeaz1284.o(.text)
    IRQ_IRQHandler                           0x000000ed   Thumb Code     0  startup_skeaz1284.o(.text)
    KBI0_IRQHandler                          0x000000ed   Thumb Code     0  startup_skeaz1284.o(.text)
    KBI1_IRQHandler                          0x000000ed   Thumb Code     0  startup_skeaz1284.o(.text)
    MSCAN_RX_IRQHandler                      0x000000ed   Thumb Code     0  startup_skeaz1284.o(.text)
    MSCAN_TX_IRQHandler                      0x000000ed   Thumb Code     0  startup_skeaz1284.o(.text)
    PIT_CH0_IRQHandler                       0x000000ed   Thumb Code     0  startup_skeaz1284.o(.text)
    PIT_CH1_IRQHandler                       0x000000ed   Thumb Code     0  startup_skeaz1284.o(.text)
    PMC_IRQHandler                           0x000000ed   Thumb Code     0  startup_skeaz1284.o(.text)
    PWT_IRQHandler                           0x000000ed   Thumb Code     0  startup_skeaz1284.o(.text)
    RTC_IRQHandler                           0x000000ed   Thumb Code     0  startup_skeaz1284.o(.text)
    Reserved16_IRQHandler                    0x000000ed   Thumb Code     0  startup_skeaz1284.o(.text)
    Reserved17_IRQHandler                    0x000000ed   Thumb Code     0  startup_skeaz1284.o(.text)
    Reserved18_IRQHandler                    0x000000ed   Thumb Code     0  startup_skeaz1284.o(.text)
    Reserved19_IRQHandler                    0x000000ed   Thumb Code     0  startup_skeaz1284.o(.text)
    Reserved20_IRQHandler                    0x000000ed   Thumb Code     0  startup_skeaz1284.o(.text)
    Reserved42_IRQHandler                    0x000000ed   Thumb Code     0  startup_skeaz1284.o(.text)
    SPI0_IRQHandler                          0x000000ed   Thumb Code     0  startup_skeaz1284.o(.text)
    SPI1_IRQHandler                          0x000000ed   Thumb Code     0  startup_skeaz1284.o(.text)
    WDOG_IRQHandler                          0x000000ed   Thumb Code     0  startup_skeaz1284.o(.text)
    __aeabi_uidiv                            0x000000fd   Thumb Code     0  uidiv.o(.text)
    __aeabi_uidivmod                         0x000000fd   Thumb Code    44  uidiv.o(.text)
    __aeabi_memset                           0x00000129   Thumb Code    14  memseta.o(.text)
    __aeabi_memset4                          0x00000129   Thumb Code     0  memseta.o(.text)
    __aeabi_memset8                          0x00000129   Thumb Code     0  memseta.o(.text)
    __aeabi_memclr                           0x00000137   Thumb Code     4  memseta.o(.text)
    __aeabi_memclr4                          0x00000137   Thumb Code     0  memseta.o(.text)
    __aeabi_memclr8                          0x00000137   Thumb Code     0  memseta.o(.text)
    _memset$wrapper                          0x0000013b   Thumb Code    18  memseta.o(.text)
    __scatterload                            0x0000014d   Thumb Code    28  init.o(.text)
    __scatterload_rt2                        0x0000014d   Thumb Code     0  init.o(.text)
    ADC_IRQHandler                           0x00000171   Thumb Code    18  adc.o(i.ADC_IRQHandler)
    ADC_Init                                 0x00000189   Thumb Code   402  adc.o(i.ADC_Init)
    ADC_SelectClock                          0x00000325   Thumb Code    16  adc.o(i.ADC_SelectClock)
    ADC_SelectClockDivide                    0x00000335   Thumb Code    22  adc.o(i.ADC_SelectClockDivide)
    ADC_SetChannel                           0x0000034b   Thumb Code    16  adc.o(i.ADC_SetChannel)
    ADC_SetFifoLevel                         0x0000035b   Thumb Code    16  adc.o(i.ADC_SetFifoLevel)
    ADC_SetMode                              0x0000036b   Thumb Code    22  adc.o(i.ADC_SetMode)
    Enable_Interrupt                         0x00000381   Thumb Code    42  nvic.o(i.Enable_Interrupt)
    FTM0_IRQHandler                          0x000003b5   Thumb Code    18  ftm.o(i.FTM0_IRQHandler)
    FTM1_IRQHandler                          0x000003cd   Thumb Code    18  ftm.o(i.FTM1_IRQHandler)
    FTM2_IRQHandler                          0x000003e5   Thumb Code    18  ftm.o(i.FTM2_IRQHandler)
    __scatterload_null                       0x000003fd   Thumb Code     2  handlers.o(i.__scatterload_null)
    FEI_factory_to_FEI_custom                0x00000411   Thumb Code    78  ics.o(i.FEI_factory_to_FEI_custom)
    FEI_to_FBE                               0x00000469   Thumb Code   112  ics.o(i.FEI_to_FBE)
    FEI_to_FBI                               0x000004e1   Thumb Code    80  ics.o(i.FEI_to_FBI)
    FEI_to_FEE                               0x00000539   Thumb Code    90  ics.o(i.FEI_to_FEE)
    FTM_ChannelInit                          0x0000059d   Thumb Code   494  ftm.o(i.FTM_ChannelInit)
    FTM_Init                                 0x00000799   Thumb Code   226  ftm.o(i.FTM_Init)
    I2C0_IRQHandler                          0x000008e5   Thumb Code    18  i2c.o(i.I2C0_IRQHandler)
    I2C1_IRQHandler                          0x000008fd   Thumb Code    18  i2c.o(i.I2C1_IRQHandler)
    ICS_Init                                 0x00000915   Thumb Code   118  ics.o(i.ICS_Init)
    ICS_SetOscDivider                        0x000009b1   Thumb Code   136  ics.o(i.ICS_SetOscDivider)
    OSC_Init                                 0x00000a45   Thumb Code   102  ics.o(i.OSC_Init)
    SysTick_Handler                          0x00000ab1   Thumb Code    88  nxpcar.o(i.SysTick_Handler)
    SystemInit                               0x00000b21   Thumb Code    90  system_skeaz1284.o(i.SystemInit)
    UART0_IRQHandler                         0x00000b91   Thumb Code    12  uart.o(i.UART0_IRQHandler)
    UART1_IRQHandler                         0x00000ba5   Thumb Code    12  uart.o(i.UART1_IRQHandler)
    UART2_IRQHandler                         0x00000bb9   Thumb Code    12  uart.o(i.UART2_IRQHandler)
    UART_Init                                0x00000bcd   Thumb Code   278  uart.o(i.UART_Init)
    UART_PutChar                             0x00000cf5   Thumb Code    16  uart.o(i.UART_PutChar)
    __0printf$1                              0x00000d05   Thumb Code    24  printf1.o(i.__0printf$1)
    __1printf$1                              0x00000d05   Thumb Code     0  printf1.o(i.__0printf$1)
    __2printf                                0x00000d05   Thumb Code     0  printf1.o(i.__0printf$1)
    __scatterload_copy                       0x00000d25   Thumb Code    14  handlers.o(i.__scatterload_copy)
    __scatterload_zeroinit                   0x00000d33   Thumb Code    14  handlers.o(i.__scatterload_zeroinit)
    adcInit                                  0x00000e91   Thumb Code    62  nxpcar.o(i.adcInit)
    fputc                                    0x00000ed5   Thumb Code    18  nxpcar.o(i.fputc)
    icsInit                                  0x00000eed   Thumb Code    70  nxpcar.o(i.icsInit)
    main                                     0x00000f35   Thumb Code    68  nxpcar.o(i.main)
    pwmFtmInit                               0x00000f85   Thumb Code   142  nxpcar.o(i.pwmFtmInit)
    systickInit                              0x00001021   Thumb Code    20  nxpcar.o(i.systickInit)
    uartInit                                 0x0000103d   Thumb Code    82  nxpcar.o(i.uartInit)
    Region$$Table$$Base                      0x00001098   Number         0  anon$$obj.o(Region$$Table)
    Region$$Table$$Limit                     0x000010b8   Number         0  anon$$obj.o(Region$$Table)
    count                                    0x1ffff000   Data           4  nxpcar.o(.data)
    global_pass_count                        0x1ffff004   Data           2  uart.o(.data)
    global_fail_count                        0x1ffff006   Data           2  uart.o(.data)
    UART_Callback                            0x1ffff014   Data           4  uart.o(.data)
    ADC_Callback                             0x1ffff020   Data           4  adc.o(.data)
    __stdout                                 0x1ffff024   Data           4  stdout.o(.data)
    FTM_Callback                             0x1ffff028   Data          12  ftm.o(.bss)
    __initial_sp                             0x1ffff138   Data           0  startup_skeaz1284.o(STACK)



==============================================================================

Memory Map of the image

  Image Entry point : 0x000000c1

  Load Region LR_IROM1 (Base: 0x00000000, Size: 0x000010e0, Max: 0x00020000, ABSOLUTE)

    Execution Region ER_IROM1 (Base: 0x00000000, Size: 0x000010b8, Max: 0x00020000, ABSOLUTE)

    Base Addr    Size         Type   Attr      Idx    E Section Name        Object

    0x00000000   0x000000c0   Data   RO          960    RESET               startup_skeaz1284.o
    0x000000c0   0x00000000   Code   RO         1000  * .ARM.Collect$$$$00000000  mc_p.l(entry.o)
    0x000000c0   0x00000004   Code   RO         1268    .ARM.Collect$$$$00000001  mc_p.l(entry2.o)
    0x000000c4   0x00000004   Code   RO         1271    .ARM.Collect$$$$00000004  mc_p.l(entry5.o)
    0x000000c8   0x00000000   Code   RO         1273    .ARM.Collect$$$$00000008  mc_p.l(entry7b.o)
    0x000000c8   0x00000000   Code   RO         1275    .ARM.Collect$$$$0000000A  mc_p.l(entry8b.o)
    0x000000c8   0x00000008   Code   RO         1276    .ARM.Collect$$$$0000000B  mc_p.l(entry9a.o)
    0x000000d0   0x00000000   Code   RO         1278    .ARM.Collect$$$$0000000D  mc_p.l(entry10a.o)
    0x000000d0   0x00000000   Code   RO         1280    .ARM.Collect$$$$0000000F  mc_p.l(entry11a.o)
    0x000000d0   0x00000004   Code   RO         1269    .ARM.Collect$$$$00002712  mc_p.l(entry2.o)
    0x000000d4   0x00000028   Code   RO          962    .text               startup_skeaz1284.o
    0x000000fc   0x0000002c   Code   RO         1003    .text               mc_p.l(uidiv.o)
    0x00000128   0x00000024   Code   RO         1005    .text               mc_p.l(memseta.o)
    0x0000014c   0x00000024   Code   RO         1296    .text               mc_p.l(init.o)
    0x00000170   0x00000018   Code   RO          875    i.ADC_IRQHandler    adc.o
    0x00000188   0x0000019c   Code   RO          876    i.ADC_Init          adc.o
    0x00000324   0x00000010   Code   RO          878    i.ADC_SelectClock   adc.o
    0x00000334   0x00000016   Code   RO          879    i.ADC_SelectClockDivide  adc.o
    0x0000034a   0x00000010   Code   RO          881    i.ADC_SetChannel    adc.o
    0x0000035a   0x00000010   Code   RO          882    i.ADC_SetFifoLevel  adc.o
    0x0000036a   0x00000016   Code   RO          883    i.ADC_SetMode       adc.o
    0x00000380   0x00000034   Code   RO          402    i.Enable_Interrupt  nvic.o
    0x000003b4   0x00000018   Code   RO          704    i.FTM0_IRQHandler   ftm.o
    0x000003cc   0x00000018   Code   RO          705    i.FTM1_IRQHandler   ftm.o
    0x000003e4   0x00000018   Code   RO          706    i.FTM2_IRQHandler   ftm.o
    0x000003fc   0x00000002   Code   RO         1311    i.__scatterload_null  mc_p.l(handlers.o)
    0x000003fe   0x00000002   PAD
    0x00000400   0x00000010   Code   RO          961    .ARM.__at_0x400     startup_skeaz1284.o
    0x00000410   0x00000058   Code   RO          252    i.FEI_factory_to_FEI_custom  ics.o
    0x00000468   0x00000078   Code   RO          253    i.FEI_to_FBE        ics.o
    0x000004e0   0x00000058   Code   RO          254    i.FEI_to_FBI        ics.o
    0x00000538   0x00000064   Code   RO          255    i.FEI_to_FEE        ics.o
    0x0000059c   0x000001fc   Code   RO          707    i.FTM_ChannelInit   ftm.o
    0x00000798   0x000000f4   Code   RO          714    i.FTM_Init          ftm.o
    0x0000088c   0x00000058   Code   RO            3    i.FTM_SetChannelValue  nxpcar.o
    0x000008e4   0x00000018   Code   RO          541    i.I2C0_IRQHandler   i2c.o
    0x000008fc   0x00000018   Code   RO          543    i.I2C1_IRQHandler   i2c.o
    0x00000914   0x00000080   Code   RO          256    i.ICS_Init          ics.o
    0x00000994   0x0000001c   Code   RO          257    i.ICS_SetBusDivider  ics.o
    0x000009b0   0x00000094   Code   RO          258    i.ICS_SetOscDivider  ics.o
    0x00000a44   0x0000006c   Code   RO          262    i.OSC_Init          ics.o
    0x00000ab0   0x00000070   Code   RO            4    i.SysTick_Handler   nxpcar.o
    0x00000b20   0x00000070   Code   RO          971    i.SystemInit        system_skeaz1284.o
    0x00000b90   0x00000014   Code   RO          433    i.UART0_IRQHandler  uart.o
    0x00000ba4   0x00000014   Code   RO          434    i.UART1_IRQHandler  uart.o
    0x00000bb8   0x00000014   Code   RO          435    i.UART2_IRQHandler  uart.o
    0x00000bcc   0x00000128   Code   RO          440    i.UART_Init         uart.o
    0x00000cf4   0x00000010   Code   RO          441    i.UART_PutChar      uart.o
    0x00000d04   0x00000020   Code   RO         1052    i.__0printf$1       mc_p.l(printf1.o)
    0x00000d24   0x0000000e   Code   RO         1310    i.__scatterload_copy  mc_p.l(handlers.o)
    0x00000d32   0x0000000e   Code   RO         1312    i.__scatterload_zeroinit  mc_p.l(handlers.o)
    0x00000d40   0x00000150   Code   RO         1059    i._printf_core      mc_p.l(printf1.o)
    0x00000e90   0x00000044   Code   RO            5    i.adcInit           nxpcar.o
    0x00000ed4   0x00000018   Code   RO            6    i.fputc             nxpcar.o
    0x00000eec   0x00000046   Code   RO            7    i.icsInit           nxpcar.o
    0x00000f32   0x00000002   PAD
    0x00000f34   0x00000050   Code   RO            8    i.main              nxpcar.o
    0x00000f84   0x0000009c   Code   RO            9    i.pwmFtmInit        nxpcar.o
    0x00001020   0x0000001c   Code   RO           10    i.systickInit       nxpcar.o
    0x0000103c   0x0000005c   Code   RO           11    i.uartInit          nxpcar.o
    0x00001098   0x00000020   Data   RO         1308    Region$$Table       anon$$obj.o


    Execution Region RW_IRAM1 (Base: 0x1ffff000, Size: 0x00000138, Max: 0x00004000, ABSOLUTE)

    Base Addr    Size         Type   Attr      Idx    E Section Name        Object

    0x1ffff000   0x00000004   Data   RW           12    .data               nxpcar.o
    0x1ffff004   0x00000014   Data   RW          448    .data               uart.o
    0x1ffff018   0x00000008   Data   RW          566    .data               i2c.o
    0x1ffff020   0x00000004   Data   RW          885    .data               adc.o
    0x1ffff024   0x00000004   Data   RW         1282    .data               mc_p.l(stdout.o)
    0x1ffff028   0x0000000c   Zero   RW          729    .bss                ftm.o
    0x1ffff034   0x00000004   PAD
    0x1ffff038   0x00000100   Zero   RW          958    STACK               startup_skeaz1284.o


==============================================================================

Image component sizes


      Code (inc. data)   RO Data    RW Data    ZI Data      Debug   Object Name

       528         16          0          4          0       7883   adc.o
       824         50          0          0         12       7654   ftm.o
        48         12          0          8          0       3480   i2c.o
       808         70          0          0          0       5105   ics.o
        52         10          0          0          0       7943   nvic.o
       718         84          0          4          0     128339   nxpcar.o
        56         30        192          0        256        808   startup_skeaz1284.o
       112         22          0          0          0        445   system_skeaz1284.o
       372         42          0         20          0       6384   uart.o

    ----------------------------------------------------------------------
      3520        336        224         36        272     168041   Object Totals
         0          0         32          0          0          0   (incl. Generated)
         2          0          0          0          4          0   (incl. Padding)

    ----------------------------------------------------------------------

      Code (inc. data)   RO Data    RW Data    ZI Data      Debug   Library Member Name

         0          0          0          0          0          0   entry.o
         0          0          0          0          0          0   entry10a.o
         0          0          0          0          0          0   entry11a.o
         8          4          0          0          0          0   entry2.o
         4          0          0          0          0          0   entry5.o
         0          0          0          0          0          0   entry7b.o
         0          0          0          0          0          0   entry8b.o
         8          4          0          0          0          0   entry9a.o
        30          0          0          0          0          0   handlers.o
        36          8          0          0          0         68   init.o
        36          0          0          0          0        100   memseta.o
       368         12          0          0          0        168   printf1.o
         0          0          0          4          0          0   stdout.o
        44          0          0          0          0         72   uidiv.o

    ----------------------------------------------------------------------
       536         28          0          4          0        408   Library Totals
         2          0          0          0          0          0   (incl. Padding)

    ----------------------------------------------------------------------

      Code (inc. data)   RO Data    RW Data    ZI Data      Debug   Library Name

       534         28          0          4          0        408   mc_p.l

    ----------------------------------------------------------------------
       536         28          0          4          0        408   Library Totals

    ----------------------------------------------------------------------

==============================================================================


      Code (inc. data)   RO Data    RW Data    ZI Data      Debug   

      4056        364        224         40        272     166929   Grand Totals
      4056        364        224         40        272     166929   ELF Image Totals
      4056        364        224         40          0          0   ROM Totals

==============================================================================

    Total RO  Size (Code + RO Data)                 4280 (   4.18kB)
    Total RW  Size (RW Data + ZI Data)               312 (   0.30kB)
    Total ROM Size (Code + RO Data + RW Data)       4320 (   4.22kB)

==============================================================================

